**
(presenting_results.tex
LaTeX2e <2021-11-15> patch level 1
L3 programming layer <2022-02-24> (article.cls
Document Class: article 2021/10/04 v1.4n Standard LaTeX document class
(size11.clo
File: size11.clo 2021/10/04 v1.4n Standard LaTeX file (size option)
)
\c@part=\count181
\c@section=\count182
\c@subsection=\count183
\c@subsubsection=\count184
\c@paragraph=\count185
\c@subparagraph=\count186
\c@figure=\count187
\c@table=\count188
\abovecaptionskip=\skip47
\belowcaptionskip=\skip48
\bibindent=\dimen138
) (geometry.sty
Package: geometry 2020/01/02 v5.9 Page Geometry
 (keyval.sty
Package: keyval 2014/10/28 v1.15 key=value parser (DPC)
\KV@toks@=\toks16
) (ifvtex.sty
Package: ifvtex 2019/10/25 v1.7 ifvtex legacy package. Use iftex instead.
 (iftex.sty
Package: iftex 2022/02/03 v1.0f TeX engine tests
))
\Gm@cnth=\count189
\Gm@cntv=\count190
\c@Gm@tempcnt=\count191
\Gm@bindingoffset=\dimen139
\Gm@wd@mp=\dimen140
\Gm@odd@mp=\dimen141
\Gm@even@mp=\dimen142
\Gm@layoutwidth=\dimen143
\Gm@layoutheight=\dimen144
\Gm@layouthoffset=\dimen145
\Gm@layoutvoffset=\dimen146
\Gm@dimlist=\toks17
) (fontenc.sty
Package: fontenc 2021/04/29 v2.0v Standard LaTeX package
LaTeX Font Info:    Trying to load font information for T1+lmr on input line 11
2.
(t1lmr.fd
File: t1lmr.fd 2015/05/01 v1.6.1 Font defs for Latin Modern
)) (times.sty
Package: times 2020/03/25 PSNFSS-v9.3 (SPQR) 
) (amsmath.sty
Package: amsmath 2021/10/15 v2.17l AMS math features
\@mathmargin=\skip49

For additional information on amsmath, use the `?' option.
(amstext.sty
Package: amstext 2021/08/26 v2.01 AMS text
 (amsgen.sty
File: amsgen.sty 1999/11/30 v2.0 generic functions
\@emptytoks=\toks18
\ex@=\dimen147
)) (amsbsy.sty
Package: amsbsy 1999/11/29 v1.2d Bold Symbols
\pmbraise@=\dimen148
) (amsopn.sty
Package: amsopn 2021/08/26 v2.02 operator names
)
\inf@bad=\count192
LaTeX Info: Redefining \frac on input line 234.
\uproot@=\count193
\leftroot@=\count194
LaTeX Info: Redefining \overline on input line 399.
\classnum@=\count195
\DOTSCASE@=\count196
LaTeX Info: Redefining \ldots on input line 496.
LaTeX Info: Redefining \dots on input line 499.
LaTeX Info: Redefining \cdots on input line 620.
\Mathstrutbox@=\box50
\strutbox@=\box51
\big@size=\dimen149
LaTeX Font Info:    Redeclaring font encoding OML on input line 743.
LaTeX Font Info:    Redeclaring font encoding OMS on input line 744.
\macc@depth=\count197
\c@MaxMatrixCols=\count198
\dotsspace@=\muskip16
\c@parentequation=\count199
\dspbrk@lvl=\count266
\tag@help=\toks19
\row@=\count267
\column@=\count268
\maxfields@=\count269
\andhelp@=\toks20
\eqnshift@=\dimen150
\alignsep@=\dimen151
\tagshift@=\dimen152
\tagwidth@=\dimen153
\totwidth@=\dimen154
\lineht@=\dimen155
\@envbody=\toks21
\multlinegap=\skip50
\multlinetaggap=\skip51
\mathdisplay@stack=\toks22
LaTeX Info: Redefining \[ on input line 2938.
LaTeX Info: Redefining \] on input line 2939.
) (amssymb.sty
Package: amssymb 2013/01/14 v3.01 AMS font symbols

(amsfonts.sty
Package: amsfonts 2013/01/14 v3.01 Basic AMSFonts support
\symAMSa=\mathgroup4
\symAMSb=\mathgroup5
LaTeX Font Info:    Redeclaring math symbol \hbar on input line 98.
LaTeX Font Info:    Overwriting math alphabet `\mathfrak' in version `bold'
(Font)                  U/euf/m/n --> U/euf/b/n on input line 106.
)) (booktabs.sty
Package: booktabs 2020/01/12 v1.61803398 Publication quality tables
\heavyrulewidth=\dimen156
\lightrulewidth=\dimen157
\cmidrulewidth=\dimen158
\belowrulesep=\dimen159
\belowbottomsep=\dimen160
\aboverulesep=\dimen161
\abovetopsep=\dimen162
\cmidrulesep=\dimen163
\cmidrulekern=\dimen164
\defaultaddspace=\dimen165
\@cmidla=\count270
\@cmidlb=\count271
\@aboverulesep=\dimen166
\@belowrulesep=\dimen167
\@thisruleclass=\count272
\@lastruleclass=\count273
\@thisrulewidth=\dimen168
) (graphicx.sty
Package: graphicx 2021/09/16 v1.2d Enhanced LaTeX Graphics (DPC,SPQR)
 (graphics.sty
Package: graphics 2021/03/04 v1.4d Standard LaTeX Graphics (DPC,SPQR)
 (trig.sty
Package: trig 2021/08/11 v1.11 sin cos tan (DPC)
)
(graphics.cfg
File: graphics.cfg 2016/06/04 v1.11 sample graphics configuration
)
Package graphics Info: Driver file: xetex.def on input line 107.
 (xetex.def
File: xetex.def 2021/03/18 v5.0k Graphics/color driver for xetex
))
\Gin@req@height=\dimen169
\Gin@req@width=\dimen170
) (hyperref.sty
Package: hyperref 2022-02-21 v7.00n Hypertext links for LaTeX
 (ltxcmds.sty
Package: ltxcmds 2020-05-10 v1.25 LaTeX kernel commands for general use (HO)
) (pdftexcmds.sty
Package: pdftexcmds 2020-06-27 v0.33 Utility functions of pdfTeX for LuaTeX (HO
)

(infwarerr.sty
Package: infwarerr 2019/12/03 v1.5 Providing info/warning/error messages (HO)
)
Package pdftexcmds Info: \pdf@primitive is available.
Package pdftexcmds Info: \pdf@ifprimitive is available.
Package pdftexcmds Info: \pdfdraftmode not found.
) (kvsetkeys.sty
Package: kvsetkeys 2019/12/15 v1.18 Key value parser (HO)
) (kvdefinekeys.sty
Package: kvdefinekeys 2019-12-19 v1.6 Define keys (HO)
) (pdfescape.sty
Package: pdfescape 2019/12/09 v1.15 Implements pdfTeX's escape features (HO)
)
(hycolor.sty
Package: hycolor 2020-01-27 v1.10 Color options for hyperref/bookmark (HO)
) (letltxmacro.sty
Package: letltxmacro 2019/12/03 v1.6 Let assignment for LaTeX macros (HO)
) (auxhook.sty
Package: auxhook 2019-12-17 v1.6 Hooks for auxiliary files (HO)
) (kvoptions.sty
Package: kvoptions 2020-10-07 v3.14 Key value format for package options (HO)
)
\@linkdim=\dimen171
\Hy@linkcounter=\count274
\Hy@pagecounter=\count275
 (pd1enc.def
File: pd1enc.def 2022-02-21 v7.00n Hyperref: PDFDocEncoding definition (HO)
)
(intcalc.sty
Package: intcalc 2019/12/15 v1.3 Expandable calculations with integers (HO)
) (etexcmds.sty
Package: etexcmds 2019/12/15 v1.7 Avoid name clashes with e-TeX commands (HO)
)
\Hy@SavedSpaceFactor=\count276
 (puenc.def
File: puenc.def 2022-02-21 v7.00n Hyperref: PDF Unicode definition (HO)
)
Package hyperref Info: Hyper figures OFF on input line 4137.
Package hyperref Info: Link nesting OFF on input line 4142.
Package hyperref Info: Hyper index ON on input line 4145.
Package hyperref Info: Plain pages OFF on input line 4152.
Package hyperref Info: Backreferencing OFF on input line 4157.
Package hyperref Info: Implicit mode ON; LaTeX internals redefined.
Package hyperref Info: Bookmarks ON on input line 4390.
\c@Hy@tempcnt=\count277
 (url.sty
\Urlmuskip=\muskip17
Package: url 2013/09/16  ver 3.4  Verb mode for urls, etc.
)
LaTeX Info: Redefining \url on input line 4749.
\XeTeXLinkMargin=\dimen172
 (bitset.sty
Package: bitset 2019/12/09 v1.3 Handle bit-vector datatype (HO)
 (bigintcalc.sty
Package: bigintcalc 2019/12/15 v1.5 Expandable calculations on big integers (HO
)
))
\Fld@menulength=\count278
\Field@Width=\dimen173
\Fld@charsize=\dimen174
Package hyperref Info: Hyper figures OFF on input line 6027.
Package hyperref Info: Link nesting OFF on input line 6032.
Package hyperref Info: Hyper index ON on input line 6035.
Package hyperref Info: backreferencing OFF on input line 6042.
Package hyperref Info: Link coloring OFF on input line 6047.
Package hyperref Info: Link coloring with OCG OFF on input line 6052.
Package hyperref Info: PDF/A mode OFF on input line 6057.
LaTeX Info: Redefining \ref on input line 6097.
LaTeX Info: Redefining \pageref on input line 6101.
 (atbegshi-ltx.sty
Package: atbegshi-ltx 2021/01/10 v1.0c Emulation of the original atbegshi
package with kernel methods
)
\Hy@abspage=\count279
\c@Item=\count280
\c@Hfootnote=\count281
)
Package hyperref Info: Driver (autodetected): hxetex.
 (hxetex.def
File: hxetex.def 2022-02-21 v7.00n Hyperref driver for XeTeX
 (stringenc.sty
Package: stringenc 2019/11/29 v1.12 Convert strings between diff. encodings (HO
)
)
\pdfm@box=\box52
\c@Hy@AnnotLevel=\count282
\HyField@AnnotCount=\count283
\Fld@listcount=\count284
\c@bookmark@seq@number=\count285
 (rerunfilecheck.sty
Package: rerunfilecheck 2019/12/05 v1.9 Rerun checks for auxiliary files (HO)

(atveryend-ltx.sty
Package: atveryend-ltx 2020/08/19 v1.0a Emulation of the original atveryend pac
kage
with kernel methods
) (uniquecounter.sty
Package: uniquecounter 2019/12/15 v1.4 Provide unlimited unique counter (HO)
)
Package uniquecounter Info: New unique counter `rerunfilecheck' on input line 2
86.
)
\Hy@SectionHShift=\skip52
)
LaTeX Font Info:    Trying to load font information for T1+ptm on input line 21
.
 (t1ptm.fd
File: t1ptm.fd 2001/06/04 font definitions for T1/ptm.
) (l3backend-xetex.def
File: l3backend-xetex.def 2022-02-07 L3 backend support: XeTeX
\c__kernel_sys_dvipdfmx_version_int=\count286
\l__color_backend_stack_int=\count287
\g__color_backend_stack_int=\count288
\g__graphics_track_int=\count289
\l__pdf_internal_box=\box53
\g__pdf_backend_object_int=\count290
\g__pdf_backend_annotation_int=\count291
\g__pdf_backend_link_int=\count292
)
(presenting_results.aux)
\openout1 = `presenting_results.aux'.

LaTeX Font Info:    Checking defaults for OML/cmm/m/it on input line 21.
LaTeX Font Info:    ... okay on input line 21.
LaTeX Font Info:    Checking defaults for OMS/cmsy/m/n on input line 21.
LaTeX Font Info:    ... okay on input line 21.
LaTeX Font Info:    Checking defaults for OT1/cmr/m/n on input line 21.
LaTeX Font Info:    ... okay on input line 21.
LaTeX Font Info:    Checking defaults for T1/cmr/m/n on input line 21.
LaTeX Font Info:    ... okay on input line 21.
LaTeX Font Info:    Checking defaults for TS1/cmr/m/n on input line 21.
LaTeX Font Info:    Trying to load font information for TS1+cmr on input line 2
1.
 (ts1cmr.fd
File: ts1cmr.fd 2019/12/16 v2.5j Standard LaTeX font definitions
)
LaTeX Font Info:    ... okay on input line 21.
LaTeX Font Info:    Checking defaults for TU/lmr/m/n on input line 21.
LaTeX Font Info:    ... okay on input line 21.
LaTeX Font Info:    Checking defaults for OMX/cmex/m/n on input line 21.
LaTeX Font Info:    ... okay on input line 21.
LaTeX Font Info:    Checking defaults for U/cmr/m/n on input line 21.
LaTeX Font Info:    ... okay on input line 21.
LaTeX Font Info:    Checking defaults for PD1/pdf/m/n on input line 21.
LaTeX Font Info:    ... okay on input line 21.
LaTeX Font Info:    Checking defaults for PU/pdf/m/n on input line 21.
LaTeX Font Info:    ... okay on input line 21.

*geometry* driver: auto-detecting
*geometry* detected driver: xetex
*geometry* verbose mode - [ preamble ] result:
* driver: xetex
* paper: <default>
* layout: <same size as paper>
* layoutoffset:(h,v)=(0.0pt,0.0pt)
* modes: 
* h-part:(L,W,R)=(72.26999pt, 469.75502pt, 72.26999pt)
* v-part:(T,H,B)=(72.26999pt, 650.43001pt, 72.26999pt)
* \paperwidth=614.295pt
* \paperheight=794.96999pt
* \textwidth=469.75502pt
* \textheight=650.43001pt
* \oddsidemargin=0.0pt
* \evensidemargin=0.0pt
* \topmargin=-37.0pt
* \headheight=12.0pt
* \headsep=25.0pt
* \topskip=11.0pt
* \footskip=30.0pt
* \marginparwidth=59.0pt
* \marginparsep=10.0pt
* \columnsep=10.0pt
* \skip\footins=10.0pt plus 4.0pt minus 2.0pt
* \hoffset=0.0pt
* \voffset=0.0pt
* \mag=1000
* \@twocolumnfalse
* \@twosidefalse
* \@mparswitchfalse
* \@reversemarginfalse
* (1in=72.27pt=25.4mm, 1cm=28.453pt)

Package hyperref Info: Link coloring OFF on input line 21.
(nameref.sty
Package: nameref 2021-04-02 v2.47 Cross-referencing by name of section
 (refcount.sty
Package: refcount 2019/12/15 v3.6 Data extraction from label references (HO)
) (gettitlestring.sty
Package: gettitlestring 2019/12/15 v1.6 Cleanup title references (HO)
)
\c@section@level=\count293
)
LaTeX Info: Redefining \ref on input line 21.
LaTeX Info: Redefining \pageref on input line 21.
LaTeX Info: Redefining \nameref on input line 21.
 (presenting_results.out)
(presenting_results.out)
\@outlinefile=\write3
\openout3 = `presenting_results.out'.

LaTeX Font Info:    Trying to load font information for U+msa on input line 23.

 (umsa.fd
File: umsa.fd 2013/01/14 v3.01 AMS symbols A
)
LaTeX Font Info:    Trying to load font information for U+msb on input line 23.

 (umsb.fd
File: umsb.fd 2013/01/14 v3.01 AMS symbols B
)

LaTeX Warning: No \author given.

(presenting_results.toc [1

])
\tf@toc=\write4
\openout4 = `presenting_results.toc'.

 [2]
LaTeX Font Info:    Trying to load font information for T1+pcr on input line 28
.
 (t1pcr.fd
File: t1pcr.fd 2001/06/04 font definitions for T1/pcr.
)
(Experiment_results/tables/ddim_unweighted_a2000)
(Experiment_results/tables/ddim_unweighted_a5000)
(Experiment_results/tables/ddim_unweighted_a10000)
(Experiment_results/tables/ddim_unweighted_a15000)
(Experiment_results/tables/ddim_unweighted_a20000) [3

] [4] [5] [6] [7] [8]
(Experiment_results/tables/ddim_weighted_a2000)
(Experiment_results/tables/ddim_weighted_a5000)
(Experiment_results/tables/ddim_weighted_a10000)
(Experiment_results/tables/ddim_weighted_a15000)
(Experiment_results/tables/ddim_weighted_a20000) [9

] [10] [11] [12] [13]
(Experiment_results/tables/flow_unweighted_a2000)
(Experiment_results/tables/flow_unweighted_a5000)
(Experiment_results/tables/flow_unweighted_a10000)
(Experiment_results/tables/flow_unweighted_a15000)
(Experiment_results/tables/flow_unweighted_a20000) [14

] [15] [16] [17] [18]
(Experiment_results/tables/flow_weighted_a2000)
(Experiment_results/tables/flow_weighted_a5000)
(Experiment_results/tables/flow_weighted_a10000)
(Experiment_results/tables/flow_weighted_a15000)
(Experiment_results/tables/flow_weighted_a20000) [19

] [20] [21] [22] [23]
(Experiment_results/tables/heun_unweighted_a2000)
(Experiment_results/tables/heun_unweighted_a5000)
(Experiment_results/tables/heun_unweighted_a10000)
(Experiment_results/tables/heun_unweighted_a15000)
(Experiment_results/tables/heun_unweighted_a20000) [24

] [25] [26] [27] [28]
(Experiment_results/tables/heun_weighted_a2000)
(Experiment_results/tables/heun_weighted_a5000)
(Experiment_results/tables/heun_weighted_a10000)
(Experiment_results/tables/heun_weighted_a15000)
(Experiment_results/tables/heun_weighted_a20000) [29

] [30] [31] [32] [33]
(Experiment_results/tables/rk45_unweighted_a2000)
(Experiment_results/tables/rk45_unweighted_a5000)
(Experiment_results/tables/rk45_unweighted_a10000)
(Experiment_results/tables/rk45_unweighted_a15000)
(Experiment_results/tables/rk45_unweighted_a20000) [34

] [35] [36] [37] [38]
(Experiment_results/tables/rk45_weighted_a2000)
(Experiment_results/tables/rk45_weighted_a5000)
(Experiment_results/tables/rk45_weighted_a10000)
(Experiment_results/tables/rk45_weighted_a15000)
(Experiment_results/tables/rk45_weighted_a20000) [39

] [40] [41] [42] [43]
(Experiment_results/tables/dpmpp2m_unweighted_a2000)
(Experiment_results/tables/dpmpp2m_unweighted_a5000)
(Experiment_results/tables/dpmpp2m_unweighted_a10000)
(Experiment_results/tables/dpmpp2m_unweighted_a15000)
(Experiment_results/tables/dpmpp2m_unweighted_a20000) [44

] [45] [46] [47]
[48] (Experiment_results/tables/dpmpp2m_weighted_a2000)
(Experiment_results/tables/dpmpp2m_weighted_a5000)
(Experiment_results/tables/dpmpp2m_weighted_a10000)
(Experiment_results/tables/dpmpp2m_weighted_a15000)
(Experiment_results/tables/dpmpp2m_weighted_a20000) [49

] [50] [51] [52]
[53]

Package hyperref Warning: Token not allowed in a PDF string (Unicode):
(hyperref)                removing `math shift' on input line 108.


Package hyperref Warning: Token not allowed in a PDF string (Unicode):
(hyperref)                removing `math shift' on input line 108.

File: Experiment_results/figures/ddim_unweighted_T250_a2000.pdf Graphic file (t
ype pdf)
<use Experiment_results/figures/ddim_unweighted_T250_a2000.pdf>
File: Experiment_results/figures/ddim_unweighted_T250_a5000.pdf Graphic file (t
ype pdf)
<use Experiment_results/figures/ddim_unweighted_T250_a5000.pdf>
File: Experiment_results/figures/ddim_unweighted_T250_a10000.pdf Graphic file (
type pdf)
<use Experiment_results/figures/ddim_unweighted_T250_a10000.pdf>
File: Experiment_results/figures/ddim_unweighted_T250_a15000.pdf Graphic file (
type pdf)
<use Experiment_results/figures/ddim_unweighted_T250_a15000.pdf>
File: Experiment_results/figures/ddim_unweighted_T250_a20000.pdf Graphic file (
type pdf)
<use Experiment_results/figures/ddim_unweighted_T250_a20000.pdf>
[54

] [55] [56] [57] [58]

Package hyperref Warning: Token not allowed in a PDF string (Unicode):
(hyperref)                removing `math shift' on input line 140.


Package hyperref Warning: Token not allowed in a PDF string (Unicode):
(hyperref)                removing `math shift' on input line 140.

File: Experiment_results/figures/ddim_unweighted_T500_a2000.pdf Graphic file (t
ype pdf)
<use Experiment_results/figures/ddim_unweighted_T500_a2000.pdf>
File: Experiment_results/figures/ddim_unweighted_T500_a5000.pdf Graphic file (t
ype pdf)
<use Experiment_results/figures/ddim_unweighted_T500_a5000.pdf>
File: Experiment_results/figures/ddim_unweighted_T500_a10000.pdf Graphic file (
type pdf)
<use Experiment_results/figures/ddim_unweighted_T500_a10000.pdf>
File: Experiment_results/figures/ddim_unweighted_T500_a15000.pdf Graphic file (
type pdf)
<use Experiment_results/figures/ddim_unweighted_T500_a15000.pdf>
File: Experiment_results/figures/ddim_unweighted_T500_a20000.pdf Graphic file (
type pdf)
<use Experiment_results/figures/ddim_unweighted_T500_a20000.pdf>
[59

] [60] [61] [62] [63]

Package hyperref Warning: Token not allowed in a PDF string (Unicode):
(hyperref)                removing `math shift' on input line 172.


Package hyperref Warning: Token not allowed in a PDF string (Unicode):
(hyperref)                removing `math shift' on input line 172.

File: Experiment_results/figures/ddim_unweighted_T750_a2000.pdf Graphic file (t
ype pdf)
<use Experiment_results/figures/ddim_unweighted_T750_a2000.pdf>
File: Experiment_results/figures/ddim_unweighted_T750_a5000.pdf Graphic file (t
ype pdf)
<use Experiment_results/figures/ddim_unweighted_T750_a5000.pdf>
File: Experiment_results/figures/ddim_unweighted_T750_a10000.pdf Graphic file (
type pdf)
<use Experiment_results/figures/ddim_unweighted_T750_a10000.pdf>
File: Experiment_results/figures/ddim_unweighted_T750_a15000.pdf Graphic file (
type pdf)
<use Experiment_results/figures/ddim_unweighted_T750_a15000.pdf>
File: Experiment_results/figures/ddim_unweighted_T750_a20000.pdf Graphic file (
type pdf)
<use Experiment_results/figures/ddim_unweighted_T750_a20000.pdf>
[64

] [65] [66] [67] [68]

Package hyperref Warning: Token not allowed in a PDF string (Unicode):
(hyperref)                removing `math shift' on input line 204.


Package hyperref Warning: Token not allowed in a PDF string (Unicode):
(hyperref)                removing `math shift' on input line 204.

File: Experiment_results/figures/ddim_weighted_T250_a2000.pdf Graphic file (typ
e pdf)
<use Experiment_results/figures/ddim_weighted_T250_a2000.pdf>
File: Experiment_results/figures/ddim_weighted_T250_a5000.pdf Graphic file (typ
e pdf)
<use Experiment_results/figures/ddim_weighted_T250_a5000.pdf>
File: Experiment_results/figures/ddim_weighted_T250_a10000.pdf Graphic file (ty
pe pdf)
<use Experiment_results/figures/ddim_weighted_T250_a10000.pdf>
File: Experiment_results/figures/ddim_weighted_T250_a15000.pdf Graphic file (ty
pe pdf)
<use Experiment_results/figures/ddim_weighted_T250_a15000.pdf>
File: Experiment_results/figures/ddim_weighted_T250_a20000.pdf Graphic file (ty
pe pdf)
<use Experiment_results/figures/ddim_weighted_T250_a20000.pdf>
[69

] [70] [71] [72] [73]

Package hyperref Warning: Token not allowed in a PDF string (Unicode):
(hyperref)                removing `math shift' on input line 236.


Package hyperref Warning: Token not allowed in a PDF string (Unicode):
(hyperref)                removing `math shift' on input line 236.

File: Experiment_results/figures/ddim_weighted_T500_a2000.pdf Graphic file (typ
e pdf)
<use Experiment_results/figures/ddim_weighted_T500_a2000.pdf>
File: Experiment_results/figures/ddim_weighted_T500_a5000.pdf Graphic file (typ
e pdf)
<use Experiment_results/figures/ddim_weighted_T500_a5000.pdf>
File: Experiment_results/figures/ddim_weighted_T500_a10000.pdf Graphic file (ty
pe pdf)
<use Experiment_results/figures/ddim_weighted_T500_a10000.pdf>
File: Experiment_results/figures/ddim_weighted_T500_a15000.pdf Graphic file (ty
pe pdf)
<use Experiment_results/figures/ddim_weighted_T500_a15000.pdf>
File: Experiment_results/figures/ddim_weighted_T500_a20000.pdf Graphic file (ty
pe pdf)
<use Experiment_results/figures/ddim_weighted_T500_a20000.pdf>
[74

] [75] [76] [77] [78]

Package hyperref Warning: Token not allowed in a PDF string (Unicode):
(hyperref)                removing `math shift' on input line 268.


Package hyperref Warning: Token not allowed in a PDF string (Unicode):
(hyperref)                removing `math shift' on input line 268.

File: Experiment_results/figures/ddim_weighted_T750_a2000.pdf Graphic file (typ
e pdf)
<use Experiment_results/figures/ddim_weighted_T750_a2000.pdf>
File: Experiment_results/figures/ddim_weighted_T750_a5000.pdf Graphic file (typ
e pdf)
<use Experiment_results/figures/ddim_weighted_T750_a5000.pdf>
File: Experiment_results/figures/ddim_weighted_T750_a10000.pdf Graphic file (ty
pe pdf)
<use Experiment_results/figures/ddim_weighted_T750_a10000.pdf>
File: Experiment_results/figures/ddim_weighted_T750_a15000.pdf Graphic file (ty
pe pdf)
<use Experiment_results/figures/ddim_weighted_T750_a15000.pdf>
File: Experiment_results/figures/ddim_weighted_T750_a20000.pdf Graphic file (ty
pe pdf)
<use Experiment_results/figures/ddim_weighted_T750_a20000.pdf>
[79

] [80] [81] [82] [83]

Package hyperref Warning: Token not allowed in a PDF string (Unicode):
(hyperref)                removing `math shift' on input line 300.


Package hyperref Warning: Token not allowed in a PDF string (Unicode):
(hyperref)                removing `math shift' on input line 300.

File: Experiment_results/figures/flow_unweighted_T250_a2000.pdf Graphic file (t
ype pdf)
<use Experiment_results/figures/flow_unweighted_T250_a2000.pdf>
File: Experiment_results/figures/flow_unweighted_T250_a5000.pdf Graphic file (t
ype pdf)
<use Experiment_results/figures/flow_unweighted_T250_a5000.pdf>
File: Experiment_results/figures/flow_unweighted_T250_a10000.pdf Graphic file (
type pdf)
<use Experiment_results/figures/flow_unweighted_T250_a10000.pdf>
File: Experiment_results/figures/flow_unweighted_T250_a15000.pdf Graphic file (
type pdf)
<use Experiment_results/figures/flow_unweighted_T250_a15000.pdf>
File: Experiment_results/figures/flow_unweighted_T250_a20000.pdf Graphic file (
type pdf)
<use Experiment_results/figures/flow_unweighted_T250_a20000.pdf>
[84

] [85] [86] [87] [88]

Package hyperref Warning: Token not allowed in a PDF string (Unicode):
(hyperref)                removing `math shift' on input line 332.


Package hyperref Warning: Token not allowed in a PDF string (Unicode):
(hyperref)                removing `math shift' on input line 332.

File: Experiment_results/figures/flow_unweighted_T500_a2000.pdf Graphic file (t
ype pdf)
<use Experiment_results/figures/flow_unweighted_T500_a2000.pdf>
File: Experiment_results/figures/flow_unweighted_T500_a5000.pdf Graphic file (t
ype pdf)
<use Experiment_results/figures/flow_unweighted_T500_a5000.pdf>
File: Experiment_results/figures/flow_unweighted_T500_a10000.pdf Graphic file (
type pdf)
<use Experiment_results/figures/flow_unweighted_T500_a10000.pdf>
File: Experiment_results/figures/flow_unweighted_T500_a15000.pdf Graphic file (
type pdf)
<use Experiment_results/figures/flow_unweighted_T500_a15000.pdf>
File: Experiment_results/figures/flow_unweighted_T500_a20000.pdf Graphic file (
type pdf)
<use Experiment_results/figures/flow_unweighted_T500_a20000.pdf>
[89

] [90] [91] [92] [93]

Package hyperref Warning: Token not allowed in a PDF string (Unicode):
(hyperref)                removing `math shift' on input line 364.


Package hyperref Warning: Token not allowed in a PDF string (Unicode):
(hyperref)                removing `math shift' on input line 364.

File: Experiment_results/figures/flow_unweighted_T750_a2000.pdf Graphic file (t
ype pdf)
<use Experiment_results/figures/flow_unweighted_T750_a2000.pdf>
File: Experiment_results/figures/flow_unweighted_T750_a5000.pdf Graphic file (t
ype pdf)
<use Experiment_results/figures/flow_unweighted_T750_a5000.pdf>
File: Experiment_results/figures/flow_unweighted_T750_a10000.pdf Graphic file (
type pdf)
<use Experiment_results/figures/flow_unweighted_T750_a10000.pdf>
File: Experiment_results/figures/flow_unweighted_T750_a15000.pdf Graphic file (
type pdf)
<use Experiment_results/figures/flow_unweighted_T750_a15000.pdf>
File: Experiment_results/figures/flow_unweighted_T750_a20000.pdf Graphic file (
type pdf)
<use Experiment_results/figures/flow_unweighted_T750_a20000.pdf>
[94

] [95] [96] [97] [98]

Package hyperref Warning: Token not allowed in a PDF string (Unicode):
(hyperref)                removing `math shift' on input line 396.


Package hyperref Warning: Token not allowed in a PDF string (Unicode):
(hyperref)                removing `math shift' on input line 396.

File: Experiment_results/figures/flow_weighted_T250_a2000.pdf Graphic file (typ
e pdf)
<use Experiment_results/figures/flow_weighted_T250_a2000.pdf>
File: Experiment_results/figures/flow_weighted_T250_a5000.pdf Graphic file (typ
e pdf)
<use Experiment_results/figures/flow_weighted_T250_a5000.pdf>
File: Experiment_results/figures/flow_weighted_T250_a10000.pdf Graphic file (ty
pe pdf)
<use Experiment_results/figures/flow_weighted_T250_a10000.pdf>
File: Experiment_results/figures/flow_weighted_T250_a15000.pdf Graphic file (ty
pe pdf)
<use Experiment_results/figures/flow_weighted_T250_a15000.pdf>
File: Experiment_results/figures/flow_weighted_T250_a20000.pdf Graphic file (ty
pe pdf)
<use Experiment_results/figures/flow_weighted_T250_a20000.pdf>
[99

] [100] [101] [102] [103]

Package hyperref Warning: Token not allowed in a PDF string (Unicode):
(hyperref)                removing `math shift' on input line 428.


Package hyperref Warning: Token not allowed in a PDF string (Unicode):
(hyperref)                removing `math shift' on input line 428.

File: Experiment_results/figures/flow_weighted_T500_a2000.pdf Graphic file (typ
e pdf)
<use Experiment_results/figures/flow_weighted_T500_a2000.pdf>
File: Experiment_results/figures/flow_weighted_T500_a5000.pdf Graphic file (typ
e pdf)
<use Experiment_results/figures/flow_weighted_T500_a5000.pdf>
File: Experiment_results/figures/flow_weighted_T500_a10000.pdf Graphic file (ty
pe pdf)
<use Experiment_results/figures/flow_weighted_T500_a10000.pdf>
File: Experiment_results/figures/flow_weighted_T500_a15000.pdf Graphic file (ty
pe pdf)
<use Experiment_results/figures/flow_weighted_T500_a15000.pdf>
File: Experiment_results/figures/flow_weighted_T500_a20000.pdf Graphic file (ty
pe pdf)
<use Experiment_results/figures/flow_weighted_T500_a20000.pdf>
[104

] [105] [106] [107] [108]

Package hyperref Warning: Token not allowed in a PDF string (Unicode):
(hyperref)                removing `math shift' on input line 460.


Package hyperref Warning: Token not allowed in a PDF string (Unicode):
(hyperref)                removing `math shift' on input line 460.

File: Experiment_results/figures/flow_weighted_T750_a2000.pdf Graphic file (typ
e pdf)
<use Experiment_results/figures/flow_weighted_T750_a2000.pdf>
File: Experiment_results/figures/flow_weighted_T750_a5000.pdf Graphic file (typ
e pdf)
<use Experiment_results/figures/flow_weighted_T750_a5000.pdf>
File: Experiment_results/figures/flow_weighted_T750_a10000.pdf Graphic file (ty
pe pdf)
<use Experiment_results/figures/flow_weighted_T750_a10000.pdf>
File: Experiment_results/figures/flow_weighted_T750_a15000.pdf Graphic file (ty
pe pdf)
<use Experiment_results/figures/flow_weighted_T750_a15000.pdf>
File: Experiment_results/figures/flow_weighted_T750_a20000.pdf Graphic file (ty
pe pdf)
<use Experiment_results/figures/flow_weighted_T750_a20000.pdf>
[109

] [110] [111] [112] [113]

Package hyperref Warning: Token not allowed in a PDF string (Unicode):
(hyperref)                removing `math shift' on input line 492.


Package hyperref Warning: Token not allowed in a PDF string (Unicode):
(hyperref)                removing `math shift' on input line 492.

File: Experiment_results/figures/heun_unweighted_T250_a2000.pdf Graphic file (t
ype pdf)
<use Experiment_results/figures/heun_unweighted_T250_a2000.pdf>
File: Experiment_results/figures/heun_unweighted_T250_a5000.pdf Graphic file (t
ype pdf)
<use Experiment_results/figures/heun_unweighted_T250_a5000.pdf>
File: Experiment_results/figures/heun_unweighted_T250_a10000.pdf Graphic file (
type pdf)
<use Experiment_results/figures/heun_unweighted_T250_a10000.pdf>
File: Experiment_results/figures/heun_unweighted_T250_a15000.pdf Graphic file (
type pdf)
<use Experiment_results/figures/heun_unweighted_T250_a15000.pdf>
File: Experiment_results/figures/heun_unweighted_T250_a20000.pdf Graphic file (
type pdf)
<use Experiment_results/figures/heun_unweighted_T250_a20000.pdf>
[114

] [115] [116] [117] [118]

Package hyperref Warning: Token not allowed in a PDF string (Unicode):
(hyperref)                removing `math shift' on input line 524.


Package hyperref Warning: Token not allowed in a PDF string (Unicode):
(hyperref)                removing `math shift' on input line 524.

File: Experiment_results/figures/heun_unweighted_T500_a2000.pdf Graphic file (t
ype pdf)
<use Experiment_results/figures/heun_unweighted_T500_a2000.pdf>
File: Experiment_results/figures/heun_unweighted_T500_a5000.pdf Graphic file (t
ype pdf)
<use Experiment_results/figures/heun_unweighted_T500_a5000.pdf>
File: Experiment_results/figures/heun_unweighted_T500_a10000.pdf Graphic file (
type pdf)
<use Experiment_results/figures/heun_unweighted_T500_a10000.pdf>
File: Experiment_results/figures/heun_unweighted_T500_a15000.pdf Graphic file (
type pdf)
<use Experiment_results/figures/heun_unweighted_T500_a15000.pdf>
File: Experiment_results/figures/heun_unweighted_T500_a20000.pdf Graphic file (
type pdf)
<use Experiment_results/figures/heun_unweighted_T500_a20000.pdf>
[119

] [120] [121] [122] [123]

Package hyperref Warning: Token not allowed in a PDF string (Unicode):
(hyperref)                removing `math shift' on input line 556.


Package hyperref Warning: Token not allowed in a PDF string (Unicode):
(hyperref)                removing `math shift' on input line 556.

File: Experiment_results/figures/heun_unweighted_T750_a2000.pdf Graphic file (t
ype pdf)
<use Experiment_results/figures/heun_unweighted_T750_a2000.pdf>
File: Experiment_results/figures/heun_unweighted_T750_a5000.pdf Graphic file (t
ype pdf)
<use Experiment_results/figures/heun_unweighted_T750_a5000.pdf>
File: Experiment_results/figures/heun_unweighted_T750_a10000.pdf Graphic file (
type pdf)
<use Experiment_results/figures/heun_unweighted_T750_a10000.pdf>
File: Experiment_results/figures/heun_unweighted_T750_a15000.pdf Graphic file (
type pdf)
<use Experiment_results/figures/heun_unweighted_T750_a15000.pdf>
File: Experiment_results/figures/heun_unweighted_T750_a20000.pdf Graphic file (
type pdf)
<use Experiment_results/figures/heun_unweighted_T750_a20000.pdf>
[124

] [125] [126] [127] [128]

Package hyperref Warning: Token not allowed in a PDF string (Unicode):
(hyperref)                removing `math shift' on input line 588.


Package hyperref Warning: Token not allowed in a PDF string (Unicode):
(hyperref)                removing `math shift' on input line 588.

File: Experiment_results/figures/heun_weighted_T250_a2000.pdf Graphic file (typ
e pdf)
<use Experiment_results/figures/heun_weighted_T250_a2000.pdf>
File: Experiment_results/figures/heun_weighted_T250_a5000.pdf Graphic file (typ
e pdf)
<use Experiment_results/figures/heun_weighted_T250_a5000.pdf>
File: Experiment_results/figures/heun_weighted_T250_a10000.pdf Graphic file (ty
pe pdf)
<use Experiment_results/figures/heun_weighted_T250_a10000.pdf>
File: Experiment_results/figures/heun_weighted_T250_a15000.pdf Graphic file (ty
pe pdf)
<use Experiment_results/figures/heun_weighted_T250_a15000.pdf>
File: Experiment_results/figures/heun_weighted_T250_a20000.pdf Graphic file (ty
pe pdf)
<use Experiment_results/figures/heun_weighted_T250_a20000.pdf>
[129

] [130] [131] [132] [133]

Package hyperref Warning: Token not allowed in a PDF string (Unicode):
(hyperref)                removing `math shift' on input line 620.


Package hyperref Warning: Token not allowed in a PDF string (Unicode):
(hyperref)                removing `math shift' on input line 620.

File: Experiment_results/figures/heun_weighted_T500_a2000.pdf Graphic file (typ
e pdf)
<use Experiment_results/figures/heun_weighted_T500_a2000.pdf>
File: Experiment_results/figures/heun_weighted_T500_a5000.pdf Graphic file (typ
e pdf)
<use Experiment_results/figures/heun_weighted_T500_a5000.pdf>
File: Experiment_results/figures/heun_weighted_T500_a10000.pdf Graphic file (ty
pe pdf)
<use Experiment_results/figures/heun_weighted_T500_a10000.pdf>
File: Experiment_results/figures/heun_weighted_T500_a15000.pdf Graphic file (ty
pe pdf)
<use Experiment_results/figures/heun_weighted_T500_a15000.pdf>
File: Experiment_results/figures/heun_weighted_T500_a20000.pdf Graphic file (ty
pe pdf)
<use Experiment_results/figures/heun_weighted_T500_a20000.pdf>
[134

] [135] [136] [137] [138]

Package hyperref Warning: Token not allowed in a PDF string (Unicode):
(hyperref)                removing `math shift' on input line 652.


Package hyperref Warning: Token not allowed in a PDF string (Unicode):
(hyperref)                removing `math shift' on input line 652.

File: Experiment_results/figures/heun_weighted_T750_a2000.pdf Graphic file (typ
e pdf)
<use Experiment_results/figures/heun_weighted_T750_a2000.pdf>
File: Experiment_results/figures/heun_weighted_T750_a5000.pdf Graphic file (typ
e pdf)
<use Experiment_results/figures/heun_weighted_T750_a5000.pdf>
File: Experiment_results/figures/heun_weighted_T750_a10000.pdf Graphic file (ty
pe pdf)
<use Experiment_results/figures/heun_weighted_T750_a10000.pdf>
File: Experiment_results/figures/heun_weighted_T750_a15000.pdf Graphic file (ty
pe pdf)
<use Experiment_results/figures/heun_weighted_T750_a15000.pdf>
File: Experiment_results/figures/heun_weighted_T750_a20000.pdf Graphic file (ty
pe pdf)
<use Experiment_results/figures/heun_weighted_T750_a20000.pdf>
[139

] [140] [141] [142] [143]

Package hyperref Warning: Token not allowed in a PDF string (Unicode):
(hyperref)                removing `math shift' on input line 684.


Package hyperref Warning: Token not allowed in a PDF string (Unicode):
(hyperref)                removing `math shift' on input line 684.

File: Experiment_results/figures/rk45_unweighted_T250_a2000.pdf Graphic file (t
ype pdf)
<use Experiment_results/figures/rk45_unweighted_T250_a2000.pdf>
File: Experiment_results/figures/rk45_unweighted_T250_a5000.pdf Graphic file (t
ype pdf)
<use Experiment_results/figures/rk45_unweighted_T250_a5000.pdf>
File: Experiment_results/figures/rk45_unweighted_T250_a10000.pdf Graphic file (
type pdf)
<use Experiment_results/figures/rk45_unweighted_T250_a10000.pdf>
File: Experiment_results/figures/rk45_unweighted_T250_a15000.pdf Graphic file (
type pdf)
<use Experiment_results/figures/rk45_unweighted_T250_a15000.pdf>
File: Experiment_results/figures/rk45_unweighted_T250_a20000.pdf Graphic file (
type pdf)
<use Experiment_results/figures/rk45_unweighted_T250_a20000.pdf>
[144

] [145] [146] [147] [148]

Package hyperref Warning: Token not allowed in a PDF string (Unicode):
(hyperref)                removing `math shift' on input line 716.


Package hyperref Warning: Token not allowed in a PDF string (Unicode):
(hyperref)                removing `math shift' on input line 716.

File: Experiment_results/figures/rk45_unweighted_T500_a2000.pdf Graphic file (t
ype pdf)
<use Experiment_results/figures/rk45_unweighted_T500_a2000.pdf>
File: Experiment_results/figures/rk45_unweighted_T500_a5000.pdf Graphic file (t
ype pdf)
<use Experiment_results/figures/rk45_unweighted_T500_a5000.pdf>
File: Experiment_results/figures/rk45_unweighted_T500_a10000.pdf Graphic file (
type pdf)
<use Experiment_results/figures/rk45_unweighted_T500_a10000.pdf>
File: Experiment_results/figures/rk45_unweighted_T500_a15000.pdf Graphic file (
type pdf)
<use Experiment_results/figures/rk45_unweighted_T500_a15000.pdf>
File: Experiment_results/figures/rk45_unweighted_T500_a20000.pdf Graphic file (
type pdf)
<use Experiment_results/figures/rk45_unweighted_T500_a20000.pdf>
[149

] [150] [151] [152] [153]

Package hyperref Warning: Token not allowed in a PDF string (Unicode):
(hyperref)                removing `math shift' on input line 748.


Package hyperref Warning: Token not allowed in a PDF string (Unicode):
(hyperref)                removing `math shift' on input line 748.

File: Experiment_results/figures/rk45_unweighted_T750_a2000.pdf Graphic file (t
ype pdf)
<use Experiment_results/figures/rk45_unweighted_T750_a2000.pdf>
File: Experiment_results/figures/rk45_unweighted_T750_a5000.pdf Graphic file (t
ype pdf)
<use Experiment_results/figures/rk45_unweighted_T750_a5000.pdf>
File: Experiment_results/figures/rk45_unweighted_T750_a10000.pdf Graphic file (
type pdf)
<use Experiment_results/figures/rk45_unweighted_T750_a10000.pdf>
File: Experiment_results/figures/rk45_unweighted_T750_a15000.pdf Graphic file (
type pdf)
<use Experiment_results/figures/rk45_unweighted_T750_a15000.pdf>
File: Experiment_results/figures/rk45_unweighted_T750_a20000.pdf Graphic file (
type pdf)
<use Experiment_results/figures/rk45_unweighted_T750_a20000.pdf>
[154

] [155] [156] [157] [158]

Package hyperref Warning: Token not allowed in a PDF string (Unicode):
(hyperref)                removing `math shift' on input line 780.


Package hyperref Warning: Token not allowed in a PDF string (Unicode):
(hyperref)                removing `math shift' on input line 780.

File: Experiment_results/figures/rk45_weighted_T250_a2000.pdf Graphic file (typ
e pdf)
<use Experiment_results/figures/rk45_weighted_T250_a2000.pdf>
File: Experiment_results/figures/rk45_weighted_T250_a5000.pdf Graphic file (typ
e pdf)
<use Experiment_results/figures/rk45_weighted_T250_a5000.pdf>
File: Experiment_results/figures/rk45_weighted_T250_a10000.pdf Graphic file (ty
pe pdf)
<use Experiment_results/figures/rk45_weighted_T250_a10000.pdf>
File: Experiment_results/figures/rk45_weighted_T250_a15000.pdf Graphic file (ty
pe pdf)
<use Experiment_results/figures/rk45_weighted_T250_a15000.pdf>
File: Experiment_results/figures/rk45_weighted_T250_a20000.pdf Graphic file (ty
pe pdf)
<use Experiment_results/figures/rk45_weighted_T250_a20000.pdf>
[159

] [160] [161] [162] [163]

Package hyperref Warning: Token not allowed in a PDF string (Unicode):
(hyperref)                removing `math shift' on input line 812.


Package hyperref Warning: Token not allowed in a PDF string (Unicode):
(hyperref)                removing `math shift' on input line 812.

File: Experiment_results/figures/rk45_weighted_T500_a2000.pdf Graphic file (typ
e pdf)
<use Experiment_results/figures/rk45_weighted_T500_a2000.pdf>
File: Experiment_results/figures/rk45_weighted_T500_a5000.pdf Graphic file (typ
e pdf)
<use Experiment_results/figures/rk45_weighted_T500_a5000.pdf>
File: Experiment_results/figures/rk45_weighted_T500_a10000.pdf Graphic file (ty
pe pdf)
<use Experiment_results/figures/rk45_weighted_T500_a10000.pdf>
File: Experiment_results/figures/rk45_weighted_T500_a15000.pdf Graphic file (ty
pe pdf)
<use Experiment_results/figures/rk45_weighted_T500_a15000.pdf>
File: Experiment_results/figures/rk45_weighted_T500_a20000.pdf Graphic file (ty
pe pdf)
<use Experiment_results/figures/rk45_weighted_T500_a20000.pdf>
[164

] [165] [166] [167] [168]

Package hyperref Warning: Token not allowed in a PDF string (Unicode):
(hyperref)                removing `math shift' on input line 844.


Package hyperref Warning: Token not allowed in a PDF string (Unicode):
(hyperref)                removing `math shift' on input line 844.

File: Experiment_results/figures/rk45_weighted_T750_a2000.pdf Graphic file (typ
e pdf)
<use Experiment_results/figures/rk45_weighted_T750_a2000.pdf>
File: Experiment_results/figures/rk45_weighted_T750_a5000.pdf Graphic file (typ
e pdf)
<use Experiment_results/figures/rk45_weighted_T750_a5000.pdf>
File: Experiment_results/figures/rk45_weighted_T750_a10000.pdf Graphic file (ty
pe pdf)
<use Experiment_results/figures/rk45_weighted_T750_a10000.pdf>
File: Experiment_results/figures/rk45_weighted_T750_a15000.pdf Graphic file (ty
pe pdf)
<use Experiment_results/figures/rk45_weighted_T750_a15000.pdf>
File: Experiment_results/figures/rk45_weighted_T750_a20000.pdf Graphic file (ty
pe pdf)
<use Experiment_results/figures/rk45_weighted_T750_a20000.pdf>
[169

] [170] [171] [172] [173]

Package hyperref Warning: Token not allowed in a PDF string (Unicode):
(hyperref)                removing `math shift' on input line 876.


Package hyperref Warning: Token not allowed in a PDF string (Unicode):
(hyperref)                removing `math shift' on input line 876.

File: Experiment_results/figures/dpmpp2m_unweighted_T250_a2000.pdf Graphic file
 (type pdf)
<use Experiment_results/figures/dpmpp2m_unweighted_T250_a2000.pdf>
File: Experiment_results/figures/dpmpp2m_unweighted_T250_a5000.pdf Graphic file
 (type pdf)
<use Experiment_results/figures/dpmpp2m_unweighted_T250_a5000.pdf>
File: Experiment_results/figures/dpmpp2m_unweighted_T250_a10000.pdf Graphic fil
e (type pdf)
<use Experiment_results/figures/dpmpp2m_unweighted_T250_a10000.pdf>
File: Experiment_results/figures/dpmpp2m_unweighted_T250_a15000.pdf Graphic fil
e (type pdf)
<use Experiment_results/figures/dpmpp2m_unweighted_T250_a15000.pdf>
File: Experiment_results/figures/dpmpp2m_unweighted_T250_a20000.pdf Graphic fil
e (type pdf)
<use Experiment_results/figures/dpmpp2m_unweighted_T250_a20000.pdf>
[174

] [175] [176] [177] [178]

Package hyperref Warning: Token not allowed in a PDF string (Unicode):
(hyperref)                removing `math shift' on input line 908.


Package hyperref Warning: Token not allowed in a PDF string (Unicode):
(hyperref)                removing `math shift' on input line 908.

File: Experiment_results/figures/dpmpp2m_unweighted_T500_a2000.pdf Graphic file
 (type pdf)
<use Experiment_results/figures/dpmpp2m_unweighted_T500_a2000.pdf>
File: Experiment_results/figures/dpmpp2m_unweighted_T500_a5000.pdf Graphic file
 (type pdf)
<use Experiment_results/figures/dpmpp2m_unweighted_T500_a5000.pdf>
File: Experiment_results/figures/dpmpp2m_unweighted_T500_a10000.pdf Graphic fil
e (type pdf)
<use Experiment_results/figures/dpmpp2m_unweighted_T500_a10000.pdf>
File: Experiment_results/figures/dpmpp2m_unweighted_T500_a15000.pdf Graphic fil
e (type pdf)
<use Experiment_results/figures/dpmpp2m_unweighted_T500_a15000.pdf>
File: Experiment_results/figures/dpmpp2m_unweighted_T500_a20000.pdf Graphic fil
e (type pdf)
<use Experiment_results/figures/dpmpp2m_unweighted_T500_a20000.pdf>
[179

] [180] [181] [182] [183]

Package hyperref Warning: Token not allowed in a PDF string (Unicode):
(hyperref)                removing `math shift' on input line 940.


Package hyperref Warning: Token not allowed in a PDF string (Unicode):
(hyperref)                removing `math shift' on input line 940.

File: Experiment_results/figures/dpmpp2m_unweighted_T750_a2000.pdf Graphic file
 (type pdf)
<use Experiment_results/figures/dpmpp2m_unweighted_T750_a2000.pdf>
File: Experiment_results/figures/dpmpp2m_unweighted_T750_a5000.pdf Graphic file
 (type pdf)
<use Experiment_results/figures/dpmpp2m_unweighted_T750_a5000.pdf>
File: Experiment_results/figures/dpmpp2m_unweighted_T750_a10000.pdf Graphic fil
e (type pdf)
<use Experiment_results/figures/dpmpp2m_unweighted_T750_a10000.pdf>
File: Experiment_results/figures/dpmpp2m_unweighted_T750_a15000.pdf Graphic fil
e (type pdf)
<use Experiment_results/figures/dpmpp2m_unweighted_T750_a15000.pdf>
File: Experiment_results/figures/dpmpp2m_unweighted_T750_a20000.pdf Graphic fil
e (type pdf)
<use Experiment_results/figures/dpmpp2m_unweighted_T750_a20000.pdf>
[184

] [185] [186] [187] [188]

Package hyperref Warning: Token not allowed in a PDF string (Unicode):
(hyperref)                removing `math shift' on input line 972.


Package hyperref Warning: Token not allowed in a PDF string (Unicode):
(hyperref)                removing `math shift' on input line 972.

File: Experiment_results/figures/dpmpp2m_weighted_T250_a2000.pdf Graphic file (
type pdf)
<use Experiment_results/figures/dpmpp2m_weighted_T250_a2000.pdf>
File: Experiment_results/figures/dpmpp2m_weighted_T250_a5000.pdf Graphic file (
type pdf)
<use Experiment_results/figures/dpmpp2m_weighted_T250_a5000.pdf>
File: Experiment_results/figures/dpmpp2m_weighted_T250_a10000.pdf Graphic file 
(type pdf)
<use Experiment_results/figures/dpmpp2m_weighted_T250_a10000.pdf>
File: Experiment_results/figures/dpmpp2m_weighted_T250_a15000.pdf Graphic file 
(type pdf)
<use Experiment_results/figures/dpmpp2m_weighted_T250_a15000.pdf>
File: Experiment_results/figures/dpmpp2m_weighted_T250_a20000.pdf Graphic file 
(type pdf)
<use Experiment_results/figures/dpmpp2m_weighted_T250_a20000.pdf>
[189

] [190] [191] [192] [193]

Package hyperref Warning: Token not allowed in a PDF string (Unicode):
(hyperref)                removing `math shift' on input line 1004.


Package hyperref Warning: Token not allowed in a PDF string (Unicode):
(hyperref)                removing `math shift' on input line 1004.

File: Experiment_results/figures/dpmpp2m_weighted_T500_a2000.pdf Graphic file (
type pdf)
<use Experiment_results/figures/dpmpp2m_weighted_T500_a2000.pdf>
File: Experiment_results/figures/dpmpp2m_weighted_T500_a5000.pdf Graphic file (
type pdf)
<use Experiment_results/figures/dpmpp2m_weighted_T500_a5000.pdf>
File: Experiment_results/figures/dpmpp2m_weighted_T500_a10000.pdf Graphic file 
(type pdf)
<use Experiment_results/figures/dpmpp2m_weighted_T500_a10000.pdf>
File: Experiment_results/figures/dpmpp2m_weighted_T500_a15000.pdf Graphic file 
(type pdf)
<use Experiment_results/figures/dpmpp2m_weighted_T500_a15000.pdf>
File: Experiment_results/figures/dpmpp2m_weighted_T500_a20000.pdf Graphic file 
(type pdf)
<use Experiment_results/figures/dpmpp2m_weighted_T500_a20000.pdf>
[194

] [195] [196] [197] [198]

Package hyperref Warning: Token not allowed in a PDF string (Unicode):
(hyperref)                removing `math shift' on input line 1036.


Package hyperref Warning: Token not allowed in a PDF string (Unicode):
(hyperref)                removing `math shift' on input line 1036.

File: Experiment_results/figures/dpmpp2m_weighted_T750_a2000.pdf Graphic file (
type pdf)
<use Experiment_results/figures/dpmpp2m_weighted_T750_a2000.pdf>
File: Experiment_results/figures/dpmpp2m_weighted_T750_a5000.pdf Graphic file (
type pdf)
<use Experiment_results/figures/dpmpp2m_weighted_T750_a5000.pdf>
File: Experiment_results/figures/dpmpp2m_weighted_T750_a10000.pdf Graphic file 
(type pdf)
<use Experiment_results/figures/dpmpp2m_weighted_T750_a10000.pdf>
File: Experiment_results/figures/dpmpp2m_weighted_T750_a15000.pdf Graphic file 
(type pdf)
<use Experiment_results/figures/dpmpp2m_weighted_T750_a15000.pdf>
File: Experiment_results/figures/dpmpp2m_weighted_T750_a20000.pdf Graphic file 
(type pdf)
<use Experiment_results/figures/dpmpp2m_weighted_T750_a20000.pdf>
[199

] [200] [201] [202] [203]
File: Experiment_results/figures2/unweighted/ddim_vs_flow/anchors_2000.pdf Grap
hic file (type pdf)
<use Experiment_results/figures2/unweighted/ddim_vs_flow/anchors_2000.pdf>
File: Experiment_results/figures2/unweighted/ddim_vs_flow/anchors_5000.pdf Grap
hic file (type pdf)
<use Experiment_results/figures2/unweighted/ddim_vs_flow/anchors_5000.pdf>
File: Experiment_results/figures2/unweighted/ddim_vs_flow/anchors_10000.pdf Gra
phic file (type pdf)
<use Experiment_results/figures2/unweighted/ddim_vs_flow/anchors_10000.pdf>
File: Experiment_results/figures2/unweighted/ddim_vs_flow/anchors_15000.pdf Gra
phic file (type pdf)
<use Experiment_results/figures2/unweighted/ddim_vs_flow/anchors_15000.pdf>
File: Experiment_results/figures2/unweighted/ddim_vs_flow/anchors_20000.pdf Gra
phic file (type pdf)
<use Experiment_results/figures2/unweighted/ddim_vs_flow/anchors_20000.pdf>
 [204

] [205] [206]
File: Experiment_results/figures2/unweighted/ddim/anchors_2000.pdf Graphic file
 (type pdf)
<use Experiment_results/figures2/unweighted/ddim/anchors_2000.pdf>
File: Experiment_results/figures2/unweighted/ddim/anchors_5000.pdf Graphic file
 (type pdf)
<use Experiment_results/figures2/unweighted/ddim/anchors_5000.pdf>
File: Experiment_results/figures2/unweighted/ddim/anchors_10000.pdf Graphic fil
e (type pdf)
<use Experiment_results/figures2/unweighted/ddim/anchors_10000.pdf>
File: Experiment_results/figures2/unweighted/ddim/anchors_15000.pdf Graphic fil
e (type pdf)
<use Experiment_results/figures2/unweighted/ddim/anchors_15000.pdf>
File: Experiment_results/figures2/unweighted/ddim/anchors_20000.pdf Graphic fil
e (type pdf)
<use Experiment_results/figures2/unweighted/ddim/anchors_20000.pdf>
 [207

] [208]
File: Experiment_results/figures2/unweighted/flow/anchors_2000.pdf Graphic file
 (type pdf)
<use Experiment_results/figures2/unweighted/flow/anchors_2000.pdf>
File: Experiment_results/figures2/unweighted/flow/anchors_5000.pdf Graphic file
 (type pdf)
<use Experiment_results/figures2/unweighted/flow/anchors_5000.pdf>
File: Experiment_results/figures2/unweighted/flow/anchors_10000.pdf Graphic fil
e (type pdf)
<use Experiment_results/figures2/unweighted/flow/anchors_10000.pdf>
File: Experiment_results/figures2/unweighted/flow/anchors_15000.pdf Graphic fil
e (type pdf)
<use Experiment_results/figures2/unweighted/flow/anchors_15000.pdf>
File: Experiment_results/figures2/unweighted/flow/anchors_20000.pdf Graphic fil
e (type pdf)
<use Experiment_results/figures2/unweighted/flow/anchors_20000.pdf>
 [209

] [210]
File: Experiment_results/figures2/unweighted/heun/anchors_2000.pdf Graphic file
 (type pdf)
<use Experiment_results/figures2/unweighted/heun/anchors_2000.pdf>
File: Experiment_results/figures2/unweighted/heun/anchors_5000.pdf Graphic file
 (type pdf)
<use Experiment_results/figures2/unweighted/heun/anchors_5000.pdf>
File: Experiment_results/figures2/unweighted/heun/anchors_10000.pdf Graphic fil
e (type pdf)
<use Experiment_results/figures2/unweighted/heun/anchors_10000.pdf>
File: Experiment_results/figures2/unweighted/heun/anchors_15000.pdf Graphic fil
e (type pdf)
<use Experiment_results/figures2/unweighted/heun/anchors_15000.pdf>
File: Experiment_results/figures2/unweighted/heun/anchors_20000.pdf Graphic fil
e (type pdf)
<use Experiment_results/figures2/unweighted/heun/anchors_20000.pdf>

[211

] [212]
File: Experiment_results/figures2/unweighted/rk45/anchors_2000.pdf Graphic file
 (type pdf)
<use Experiment_results/figures2/unweighted/rk45/anchors_2000.pdf>
File: Experiment_results/figures2/unweighted/rk45/anchors_5000.pdf Graphic file
 (type pdf)
<use Experiment_results/figures2/unweighted/rk45/anchors_5000.pdf>
File: Experiment_results/figures2/unweighted/rk45/anchors_10000.pdf Graphic fil
e (type pdf)
<use Experiment_results/figures2/unweighted/rk45/anchors_10000.pdf>
File: Experiment_results/figures2/unweighted/rk45/anchors_15000.pdf Graphic fil
e (type pdf)
<use Experiment_results/figures2/unweighted/rk45/anchors_15000.pdf>
File: Experiment_results/figures2/unweighted/rk45/anchors_20000.pdf Graphic fil
e (type pdf)
<use Experiment_results/figures2/unweighted/rk45/anchors_20000.pdf>
 [213

] [214]
File: Experiment_results/figures2/unweighted/dpmpp2m/anchors_2000.pdf Graphic f
ile (type pdf)
<use Experiment_results/figures2/unweighted/dpmpp2m/anchors_2000.pdf>
File: Experiment_results/figures2/unweighted/dpmpp2m/anchors_5000.pdf Graphic f
ile (type pdf)
<use Experiment_results/figures2/unweighted/dpmpp2m/anchors_5000.pdf>
File: Experiment_results/figures2/unweighted/dpmpp2m/anchors_10000.pdf Graphic 
file (type pdf)
<use Experiment_results/figures2/unweighted/dpmpp2m/anchors_10000.pdf>
File: Experiment_results/figures2/unweighted/dpmpp2m/anchors_15000.pdf Graphic 
file (type pdf)
<use Experiment_results/figures2/unweighted/dpmpp2m/anchors_15000.pdf>
File: Experiment_results/figures2/unweighted/dpmpp2m/anchors_20000.pdf Graphic 
file (type pdf)
<use Experiment_results/figures2/unweighted/dpmpp2m/anchors_20000.pdf>
 [215

] [216]
File: Experiment_results/figures2/weighted/ddim_vs_flow/anchors_2000.pdf Graphi
c file (type pdf)
<use Experiment_results/figures2/weighted/ddim_vs_flow/anchors_2000.pdf>
File: Experiment_results/figures2/weighted/ddim_vs_flow/anchors_5000.pdf Graphi
c file (type pdf)
<use Experiment_results/figures2/weighted/ddim_vs_flow/anchors_5000.pdf>
File: Experiment_results/figures2/weighted/ddim_vs_flow/anchors_10000.pdf Graph
ic file (type pdf)
<use Experiment_results/figures2/weighted/ddim_vs_flow/anchors_10000.pdf>
File: Experiment_results/figures2/weighted/ddim_vs_flow/anchors_15000.pdf Graph
ic file (type pdf)
<use Experiment_results/figures2/weighted/ddim_vs_flow/anchors_15000.pdf>
File: Experiment_results/figures2/weighted/ddim_vs_flow/anchors_20000.pdf Graph
ic file (type pdf)
<use Experiment_results/figures2/weighted/ddim_vs_flow/anchors_20000.pdf>
 [217

] [218] [219]
File: Experiment_results/figures2/weighted/ddim/anchors_2000.pdf Graphic file (
type pdf)
<use Experiment_results/figures2/weighted/ddim/anchors_2000.pdf>
File: Experiment_results/figures2/weighted/ddim/anchors_5000.pdf Graphic file (
type pdf)
<use Experiment_results/figures2/weighted/ddim/anchors_5000.pdf>
File: Experiment_results/figures2/weighted/ddim/anchors_10000.pdf Graphic file 
(type pdf)
<use Experiment_results/figures2/weighted/ddim/anchors_10000.pdf>
File: Experiment_results/figures2/weighted/ddim/anchors_15000.pdf Graphic file 
(type pdf)
<use Experiment_results/figures2/weighted/ddim/anchors_15000.pdf>
File: Experiment_results/figures2/weighted/ddim/anchors_20000.pdf Graphic file 
(type pdf)
<use Experiment_results/figures2/weighted/ddim/anchors_20000.pdf>
 [220

] [221]
File: Experiment_results/figures2/weighted/flow/anchors_2000.pdf Graphic file (
type pdf)
<use Experiment_results/figures2/weighted/flow/anchors_2000.pdf>
File: Experiment_results/figures2/weighted/flow/anchors_5000.pdf Graphic file (
type pdf)
<use Experiment_results/figures2/weighted/flow/anchors_5000.pdf>
File: Experiment_results/figures2/weighted/flow/anchors_10000.pdf Graphic file 
(type pdf)
<use Experiment_results/figures2/weighted/flow/anchors_10000.pdf>
File: Experiment_results/figures2/weighted/flow/anchors_15000.pdf Graphic file 
(type pdf)
<use Experiment_results/figures2/weighted/flow/anchors_15000.pdf>
File: Experiment_results/figures2/weighted/flow/anchors_20000.pdf Graphic file 
(type pdf)
<use Experiment_results/figures2/weighted/flow/anchors_20000.pdf>
 [222

]
[223]
File: Experiment_results/figures2/weighted/heun/anchors_2000.pdf Graphic file (
type pdf)
<use Experiment_results/figures2/weighted/heun/anchors_2000.pdf>
File: Experiment_results/figures2/weighted/heun/anchors_5000.pdf Graphic file (
type pdf)
<use Experiment_results/figures2/weighted/heun/anchors_5000.pdf>
File: Experiment_results/figures2/weighted/heun/anchors_10000.pdf Graphic file 
(type pdf)
<use Experiment_results/figures2/weighted/heun/anchors_10000.pdf>
File: Experiment_results/figures2/weighted/heun/anchors_15000.pdf Graphic file 
(type pdf)
<use Experiment_results/figures2/weighted/heun/anchors_15000.pdf>
File: Experiment_results/figures2/weighted/heun/anchors_20000.pdf Graphic file 
(type pdf)
<use Experiment_results/figures2/weighted/heun/anchors_20000.pdf>
 [224

] [225]
File: Experiment_results/figures2/weighted/rk45/anchors_2000.pdf Graphic file (
type pdf)
<use Experiment_results/figures2/weighted/rk45/anchors_2000.pdf>
File: Experiment_results/figures2/weighted/rk45/anchors_5000.pdf Graphic file (
type pdf)
<use Experiment_results/figures2/weighted/rk45/anchors_5000.pdf>
File: Experiment_results/figures2/weighted/rk45/anchors_10000.pdf Graphic file 
(type pdf)
<use Experiment_results/figures2/weighted/rk45/anchors_10000.pdf>
File: Experiment_results/figures2/weighted/rk45/anchors_15000.pdf Graphic file 
(type pdf)
<use Experiment_results/figures2/weighted/rk45/anchors_15000.pdf>
File: Experiment_results/figures2/weighted/rk45/anchors_20000.pdf Graphic file 
(type pdf)
<use Experiment_results/figures2/weighted/rk45/anchors_20000.pdf>
 [226

] [227]
File: Experiment_results/figures2/weighted/dpmpp2m/anchors_2000.pdf Graphic fil
e (type pdf)
<use Experiment_results/figures2/weighted/dpmpp2m/anchors_2000.pdf>
File: Experiment_results/figures2/weighted/dpmpp2m/anchors_5000.pdf Graphic fil
e (type pdf)
<use Experiment_results/figures2/weighted/dpmpp2m/anchors_5000.pdf>
File: Experiment_results/figures2/weighted/dpmpp2m/anchors_10000.pdf Graphic fi
le (type pdf)
<use Experiment_results/figures2/weighted/dpmpp2m/anchors_10000.pdf>
File: Experiment_results/figures2/weighted/dpmpp2m/anchors_15000.pdf Graphic fi
le (type pdf)
<use Experiment_results/figures2/weighted/dpmpp2m/anchors_15000.pdf>
File: Experiment_results/figures2/weighted/dpmpp2m/anchors_20000.pdf Graphic fi
le (type pdf)
<use Experiment_results/figures2/weighted/dpmpp2m/anchors_20000.pdf>
 [228

] [229] (presenting_results.aux)
Package rerunfilecheck Info: File `presenting_results.out' has not changed.
(rerunfilecheck)             Checksum: 7FE2468E2E30171E43787521AD08E35E;9730.
 )
Output written on presenting_results.xdv (229 pages, 509912 bytes).
