======================================================================
process:
  T_train: 500
  T_true: 200
  name: ddim
  beta_min: 0.0001
  beta_max: 0.02
  true_order: heun
data:
  mass_q: 0.99
  weighted: false
  name: gmm
  sigma: 0.1
  radius: 2.0
  m_mult: 1.5
sweep:
  d:
  - 4
  K:
  - 8
  anchors:
  - 20000
  - 50000
  - 100000
train:
  force_retrain: true
  base_steps: 30000
  lr: 0.001
  lr_min: 1.0e-05
  grad_clip: 1.0
  ema_decay: 0.999
  ema_warmup: 1000
  batch: 512
  small_max_d: 64
  width:
    small: 256
    large: 1024
  n_train: 100000
  cuda_graph: true
  graph_streams: true
  probe_n: 10000
  hall_target: 0.015
  step_growth: 1.7
  max_attempts: 2
eval:
  n_eval_per_mode: 20000
  n_eval: null
  part: false
anchors:
  seed: 0
  shell_frac: 0.5
  shell_sigma: 2.0
  n_calibrate: 5000
  altered_knn:
    n_rings: 5
    r_max: 1.5
    weight: linear
    w_min: 0.2
classifier:
  _shared:
    hidden: 256
    depth: 4
    degree: 3
    epochs: 30
    batch: 2048
    lr: 0.003
    weight_decay: 0.0001
    min_steps: 3000
    ensemble: 3
    k: 10
    bandwidth: 1.0
    temperature: 0.1
    threshold: auto
    confidence: entropy
  models:
    knn:
      name: knn
      arch: knn
    altered_knn:
      name: altered_knn
      arch: altered_knn
    quadratic:
      name: quadratic
      arch: quadratic
    polar3:
      name: polar3
      arch: polar
      degree: 3
stages:
- train
device: cuda
seed: 0
n_seeds: 3
run_id: 2026-09-23_01-06-49
paths:
  root: ${oc.env:ATLAS_ROOT,${oc.env:PWD}}
  checkpoints: ${paths.root}/checkpoints
  output: ${paths.root}/output

======================================================================

>>> STAGE: train
----------------------------------------
[train:ddim/unweighted] d= 4 K= 8 seed=0    -> trained hall=0.0118 steps=56250 attempts=1 net=small/256 68.7s
[train:ddim/unweighted] d= 4 K= 8 seed=100  -> trained hall=0.0110 steps=56250 attempts=1 net=small/256 79.5s
[train:ddim/unweighted] d= 4 K= 8 seed=200  -> trained hall=0.0104 steps=56250 attempts=1 net=small/256 89.5s
[train:ddim] manifest written: /home/pmehrotra3/workspace/test_run/iclr_code/checkpoints/ddim/unweighted/manifest.json

All requested stages complete.
