/home/pmehrotra3/workspace/test_run/iclr_code/code/evaluate.py:31: FutureWarning: You are using `torch.load` with `weights_only=False` (the current default value), which uses the default pickle module implicitly. It is possible to construct malicious pickle data which will execute arbitrary code during unpickling (See https://github.com/pytorch/pytorch/blob/main/SECURITY.md#untrusted-models for more details). In a future release, the default value for `weights_only` will be flipped to `True`. This limits the functions that could be executed during unpickling. Arbitrary objects will no longer be allowed to be loaded via this mode unless they are explicitly allowlisted by the user via `torch.serialization.add_safe_globals`. We recommend you start setting `weights_only=True` for any use case where you don't have full control of the loaded file. Please open an issue on GitHub for any issues related to this experimental feature.
  ck = torch.load(path, map_location=device)
/home/pmehrotra3/workspace/test_run/iclr_code/code/evaluate.py:31: FutureWarning: You are using `torch.load` with `weights_only=False` (the current default value), which uses the default pickle module implicitly. It is possible to construct malicious pickle data which will execute arbitrary code during unpickling (See https://github.com/pytorch/pytorch/blob/main/SECURITY.md#untrusted-models for more details). In a future release, the default value for `weights_only` will be flipped to `True`. This limits the functions that could be executed during unpickling. Arbitrary objects will no longer be allowed to be loaded via this mode unless they are explicitly allowlisted by the user via `torch.serialization.add_safe_globals`. We recommend you start setting `weights_only=True` for any use case where you don't have full control of the loaded file. Please open an issue on GitHub for any issues related to this experimental feature.
  ck = torch.load(path, map_location=device)
======================================================================
process:
  name: ddim
  T_train: 150
  T_true: 500
  beta_min: 0.0001
  beta_max: 0.02
sweep:
  d:
  - 2
  - 4
  - 8
  - 16
  - 32
  - 64
  K:
  - 2
  - 4
  - 8
  - 16
  - 32
  anchors:
  - 2000
  - 5000
  - 10000
  - 20000
  - 50000
  - 100000
classifier:
  _shared:
    hidden: 256
    depth: 4
    degree: 3
    epochs: 30
    batch: 2048
    lr: 0.003
    weight_decay: 0.0001
    min_steps: 3000
    ensemble: 3
    k: 10
    bandwidth: 1.0
    temperature: 0.1
    threshold: auto
    confidence: entropy
  primary: polar3
  models:
  - name: knn
    arch: knn
  - name: altered_knn
    arch: altered_knn
  - name: polar3
    arch: polar
    degree: 3
stages:
- evaluate
- visualize
device: cuda
seed: 0
run_id: 2026-09-19_04-50-15
data:
  sigma: 0.1
  radius: 2.0
  m_mult: 1.5
  mass_q: 0.99
train:
  force_retrain: false
  base_steps: 3000
  lr: 0.001
  batch: 512
  probe_n: 10000
  hall_target: 0.03
  step_growth: 1.7
  max_attempts: 6
eval:
  n_eval: 20000
anchors:
  seed: 0
  shell_frac: 0.5
  shell_sigma: 2.0
  n_calibrate: 5000
  altered_knn:
    n_rings: 5
    r_max: 1.5
    weight: linear
    w_min: 0.2
paths:
  root: ${oc.env:ATLAS_ROOT,${oc.env:PWD}}
  data: ${paths.root}/data
  output: ${paths.root}/output

======================================================================

>>> STAGE: evaluate
----------------------------------------
[eval:ddim] d= 2 K= 2 hall_gt=0.053 | polar3: full=0.954 modeF1=0.976 hallF1=0.321 @ 6000 anchors
[eval:ddim] d= 2 K= 4 hall_gt=0.035 | polar3: full=0.845 modeF1=0.857 hallF1=0.346 @ 12000 anchors
[eval:ddim] d= 2 K= 8 hall_gt=0.027 | polar3: full=0.888 modeF1=0.907 hallF1=0.191 @ 1200000 anchors
[eval:ddim] d= 2 K=16 -> no checkpoint, skipped
[eval:ddim] d= 2 K=32 -> no checkpoint, skipped
[eval:ddim] d= 4 K= 2 hall_gt=0.112 | polar3: full=0.895 modeF1=0.943 hallF1=0.174 @ 6000 anchors
[eval:ddim] d= 4 K= 4 hall_gt=0.090 | polar3: full=0.790 modeF1=0.818 hallF1=0.195 @ 12000 anchors
[eval:ddim] d= 4 K= 8 hall_gt=0.027 | polar3: full=0.772 modeF1=0.785 hallF1=0.241 @ 1200000 anchors
[eval:ddim] d= 4 K=16 hall_gt=0.032 | polar3: full=0.854 modeF1=0.873 hallF1=0.229 @ 2400000 anchors
[eval:ddim] d= 4 K=32 hall_gt=0.031 | polar3: full=0.824 modeF1=0.843 hallF1=0.217 @ 4800000 anchors
[eval:ddim] d= 8 K= 2 hall_gt=0.200 | polar3: full=0.805 modeF1=0.886 hallF1=0.127 @ 300000 anchors
[eval:ddim] d= 8 K= 4 hall_gt=0.069 | polar3: full=0.864 modeF1=0.888 hallF1=0.285 @ 300000 anchors
[eval:ddim] d= 8 K= 8 hall_gt=0.034 | polar3: full=0.896 modeF1=0.909 hallF1=0.381 @ 1200000 anchors
[eval:ddim] d= 8 K=16 hall_gt=0.039 | polar3: full=0.840 modeF1=0.852 hallF1=0.306 @ 2400000 anchors
[eval:ddim] d= 8 K=32 hall_gt=0.030 | polar3: full=0.862 modeF1=0.875 hallF1=0.344 @ 4800000 anchors
[eval:ddim] d=16 K= 2 hall_gt=0.204 | polar3: full=0.801 modeF1=0.882 hallF1=0.135 @ 300000 anchors
[eval:ddim] d=16 K= 4 hall_gt=0.118 | polar3: full=0.865 modeF1=0.911 hallF1=0.198 @ 600000 anchors
[eval:ddim] d=16 K= 8 hall_gt=0.081 | polar3: full=0.880 modeF1=0.910 hallF1=0.258 @ 600000 anchors
[eval:ddim] d=16 K=16 hall_gt=0.062 | polar3: full=0.860 modeF1=0.880 hallF1=0.318 @ 2400000 anchors
[eval:ddim] d=16 K=32 hall_gt=0.043 | polar3: full=0.858 modeF1=0.870 hallF1=0.380 @ 960000 anchors
[eval:ddim] d=32 K= 2 hall_gt=0.454 | polar3: full=0.547 modeF1=0.692 hallF1=0.072 @ 300000 anchors
[eval:ddim] d=32 K= 4 hall_gt=0.417 | polar3: full=0.582 modeF1=0.715 hallF1=0.104 @ 600000 anchors
[eval:ddim] d=32 K= 8 hall_gt=0.272 | polar3: full=0.664 modeF1=0.753 hallF1=0.099 @ 600000 anchors
[eval:ddim] d=32 K=16 hall_gt=0.208 | polar3: full=0.725 modeF1=0.798 hallF1=0.114 @ 480000 anchors
[eval:ddim] d=32 K=32 hall_gt=0.154 | polar3: full=0.742 modeF1=0.793 hallF1=0.142 @ 2400000 anchors
[eval:ddim] d=64 K= 2 hall_gt=0.881 | polar3: full=0.139 modeF1=0.217 hallF1=0.044 @ 300000 anchors
[eval:ddim] d=64 K= 4 hall_gt=0.858 | polar3: full=0.158 modeF1=0.245 hallF1=0.040 @ 600000 anchors
[eval:ddim] d=64 K= 8 hall_gt=0.829 | polar3: full=0.192 modeF1=0.294 hallF1=0.049 @ 1200000 anchors
[eval:ddim] d=64 K=16 hall_gt=0.818 | polar3: full=0.188 modeF1=0.287 hallF1=0.036 @ 1200000 anchors
[eval:ddim] d=64 K=32 hall_gt=0.781 | polar3: full=0.223 modeF1=0.343 hallF1=0.037 @ 4800000 anchors
[eval:ddim] wrote /home/pmehrotra3/workspace/test_run/iclr_code/output/2026-09-19_04-50-15/ddim/T500/results.json and /home/pmehrotra3/workspace/test_run/iclr_code/output/2026-09-19_04-50-15/ddim/T500/results.csv

>>> STAGE: visualize
----------------------------------------
[viz] wrote /home/pmehrotra3/workspace/test_run/iclr_code/output/2026-09-19_04-50-15/ddim/T500/table.tex
[viz] wrote /home/pmehrotra3/workspace/test_run/iclr_code/output/2026-09-19_04-50-15/ddim/T500/table.png
[viz] wrote /home/pmehrotra3/workspace/test_run/iclr_code/output/2026-09-19_04-50-15/ddim/T500/knn.png
[viz] wrote /home/pmehrotra3/workspace/test_run/iclr_code/output/2026-09-19_04-50-15/ddim/T500/altered_knn.png
[viz] wrote /home/pmehrotra3/workspace/test_run/iclr_code/output/2026-09-19_04-50-15/ddim/T500/polar3.png
[viz] wrote /home/pmehrotra3/workspace/test_run/iclr_code/output/2026-09-19_04-50-15/ddim/T500/anchors_2000/knn.png
[viz] wrote /home/pmehrotra3/workspace/test_run/iclr_code/output/2026-09-19_04-50-15/ddim/T500/anchors_2000/altered_knn.png
[viz] wrote /home/pmehrotra3/workspace/test_run/iclr_code/output/2026-09-19_04-50-15/ddim/T500/anchors_2000/polar3.png
[viz] wrote /home/pmehrotra3/workspace/test_run/iclr_code/output/2026-09-19_04-50-15/ddim/T500/anchors_5000/knn.png
[viz] wrote /home/pmehrotra3/workspace/test_run/iclr_code/output/2026-09-19_04-50-15/ddim/T500/anchors_5000/altered_knn.png
[viz] wrote /home/pmehrotra3/workspace/test_run/iclr_code/output/2026-09-19_04-50-15/ddim/T500/anchors_5000/polar3.png
[viz] wrote /home/pmehrotra3/workspace/test_run/iclr_code/output/2026-09-19_04-50-15/ddim/T500/anchors_10000/knn.png
[viz] wrote /home/pmehrotra3/workspace/test_run/iclr_code/output/2026-09-19_04-50-15/ddim/T500/anchors_10000/altered_knn.png
[viz] wrote /home/pmehrotra3/workspace/test_run/iclr_code/output/2026-09-19_04-50-15/ddim/T500/anchors_10000/polar3.png
[viz] wrote /home/pmehrotra3/workspace/test_run/iclr_code/output/2026-09-19_04-50-15/ddim/T500/anchors_20000/knn.png
[viz] wrote /home/pmehrotra3/workspace/test_run/iclr_code/output/2026-09-19_04-50-15/ddim/T500/anchors_20000/altered_knn.png
[viz] wrote /home/pmehrotra3/workspace/test_run/iclr_code/output/2026-09-19_04-50-15/ddim/T500/anchors_20000/polar3.png
[viz] wrote /home/pmehrotra3/workspace/test_run/iclr_code/output/2026-09-19_04-50-15/ddim/T500/anchors_50000/knn.png
[viz] wrote /home/pmehrotra3/workspace/test_run/iclr_code/output/2026-09-19_04-50-15/ddim/T500/anchors_50000/altered_knn.png
[viz] wrote /home/pmehrotra3/workspace/test_run/iclr_code/output/2026-09-19_04-50-15/ddim/T500/anchors_50000/polar3.png
[viz] wrote /home/pmehrotra3/workspace/test_run/iclr_code/output/2026-09-19_04-50-15/ddim/T500/anchors_100000/knn.png
[viz] wrote /home/pmehrotra3/workspace/test_run/iclr_code/output/2026-09-19_04-50-15/ddim/T500/anchors_100000/altered_knn.png
[viz] wrote /home/pmehrotra3/workspace/test_run/iclr_code/output/2026-09-19_04-50-15/ddim/T500/anchors_100000/polar3.png

All requested stages complete.
