/home/pmehrotra3/workspace/test_run/iclr_code/code/evaluate.py:31: FutureWarning: You are using `torch.load` with `weights_only=False` (the current default value), which uses the default pickle module implicitly. It is possible to construct malicious pickle data which will execute arbitrary code during unpickling (See https://github.com/pytorch/pytorch/blob/main/SECURITY.md#untrusted-models for more details). In a future release, the default value for `weights_only` will be flipped to `True`. This limits the functions that could be executed during unpickling. Arbitrary objects will no longer be allowed to be loaded via this mode unless they are explicitly allowlisted by the user via `torch.serialization.add_safe_globals`. We recommend you start setting `weights_only=True` for any use case where you don't have full control of the loaded file. Please open an issue on GitHub for any issues related to this experimental feature.
  ck = torch.load(path, map_location=device)
/home/pmehrotra3/workspace/test_run/iclr_code/code/evaluate.py:31: FutureWarning: You are using `torch.load` with `weights_only=False` (the current default value), which uses the default pickle module implicitly. It is possible to construct malicious pickle data which will execute arbitrary code during unpickling (See https://github.com/pytorch/pytorch/blob/main/SECURITY.md#untrusted-models for more details). In a future release, the default value for `weights_only` will be flipped to `True`. This limits the functions that could be executed during unpickling. Arbitrary objects will no longer be allowed to be loaded via this mode unless they are explicitly allowlisted by the user via `torch.serialization.add_safe_globals`. We recommend you start setting `weights_only=True` for any use case where you don't have full control of the loaded file. Please open an issue on GitHub for any issues related to this experimental feature.
  ck = torch.load(path, map_location=device)
======================================================================
process:
  name: flow
  T_train: 150
  T_true: 300
  sigma_min: 0.0001
  solver: euler
sweep:
  d:
  - 2
  - 4
  - 8
  - 16
  - 32
  - 64
  K:
  - 2
  - 4
  - 8
  - 16
  - 32
  anchors:
  - 2000
  - 5000
  - 10000
  - 20000
  - 50000
  - 100000
classifier:
  _shared:
    hidden: 256
    depth: 4
    degree: 3
    epochs: 30
    batch: 2048
    lr: 0.003
    weight_decay: 0.0001
    min_steps: 3000
    ensemble: 3
    k: 10
    bandwidth: 1.0
    temperature: 0.1
    threshold: auto
    confidence: entropy
  primary: polar3
  models:
  - name: knn
    arch: knn
  - name: altered_knn
    arch: altered_knn
  - name: polar3
    arch: polar
    degree: 3
stages:
- evaluate
- visualize
device: cuda
seed: 0
run_id: 2026-09-19_04-50-15
data:
  sigma: 0.1
  radius: 2.0
  m_mult: 1.5
  mass_q: 0.99
train:
  force_retrain: false
  base_steps: 3000
  lr: 0.001
  batch: 512
  probe_n: 10000
  hall_target: 0.03
  step_growth: 1.7
  max_attempts: 6
eval:
  n_eval: 20000
anchors:
  seed: 0
  shell_frac: 0.5
  shell_sigma: 2.0
  n_calibrate: 5000
  altered_knn:
    n_rings: 5
    r_max: 1.5
    weight: linear
    w_min: 0.2
paths:
  root: ${oc.env:ATLAS_ROOT,${oc.env:PWD}}
  data: ${paths.root}/data
  output: ${paths.root}/output

======================================================================

>>> STAGE: evaluate
----------------------------------------
[eval:flow] d= 2 K= 2 hall_gt=0.014 | polar3: full=0.984 modeF1=0.990 hallF1=0.484 @ 300000 anchors
[eval:flow] d= 2 K= 4 hall_gt=0.015 | polar3: full=0.954 modeF1=0.965 hallF1=0.346 @ 600000 anchors
[eval:flow] d= 2 K= 8 hall_gt=0.027 | polar3: full=0.882 modeF1=0.899 hallF1=0.208 @ 1200000 anchors
[eval:flow] d= 2 K=16 -> no checkpoint, skipped
[eval:flow] d= 2 K=32 -> no checkpoint, skipped
[eval:flow] d= 4 K= 2 hall_gt=0.026 | polar3: full=0.971 modeF1=0.979 hallF1=0.518 @ 60000 anchors
[eval:flow] d= 4 K= 4 hall_gt=0.020 | polar3: full=0.904 modeF1=0.912 hallF1=0.446 @ 600000 anchors
[eval:flow] d= 4 K= 8 hall_gt=0.015 | polar3: full=0.937 modeF1=0.948 hallF1=0.350 @ 1200000 anchors
[eval:flow] d= 4 K=16 hall_gt=0.027 | polar3: full=0.898 modeF1=0.914 hallF1=0.241 @ 2400000 anchors
[eval:flow] d= 4 K=32 hall_gt=0.032 | polar3: full=0.892 modeF1=0.911 hallF1=0.290 @ 2400000 anchors
[eval:flow] d= 8 K= 2 hall_gt=0.020 | polar3: full=0.966 modeF1=0.973 hallF1=0.545 @ 60000 anchors
[eval:flow] d= 8 K= 4 hall_gt=0.019 | polar3: full=0.948 modeF1=0.955 hallF1=0.530 @ 300000 anchors
[eval:flow] d= 8 K= 8 hall_gt=0.026 | polar3: full=0.921 modeF1=0.931 hallF1=0.383 @ 60000 anchors
[eval:flow] d= 8 K=16 hall_gt=0.030 | polar3: full=0.912 modeF1=0.923 hallF1=0.381 @ 2400000 anchors
[eval:flow] d= 8 K=32 hall_gt=0.025 | polar3: full=0.900 modeF1=0.911 hallF1=0.349 @ 4800000 anchors
[eval:flow] d=16 K= 2 hall_gt=0.024 | polar3: full=0.960 modeF1=0.969 hallF1=0.507 @ 30000 anchors
[eval:flow] d=16 K= 4 hall_gt=0.027 | polar3: full=0.940 modeF1=0.950 hallF1=0.453 @ 300000 anchors
[eval:flow] d=16 K= 8 hall_gt=0.028 | polar3: full=0.917 modeF1=0.926 hallF1=0.473 @ 600000 anchors
[eval:flow] d=16 K=16 hall_gt=0.021 | polar3: full=0.914 modeF1=0.920 hallF1=0.550 @ 2400000 anchors
[eval:flow] d=16 K=32 hall_gt=0.029 | polar3: full=0.869 modeF1=0.878 hallF1=0.400 @ 960000 anchors
[eval:flow] d=32 K= 2 hall_gt=0.022 | polar3: full=0.958 modeF1=0.964 hallF1=0.611 @ 300000 anchors
[eval:flow] d=32 K= 4 hall_gt=0.025 | polar3: full=0.939 modeF1=0.946 hallF1=0.553 @ 120000 anchors
[eval:flow] d=32 K= 8 hall_gt=0.032 | polar3: full=0.904 modeF1=0.913 hallF1=0.444 @ 240000 anchors
[eval:flow] d=32 K=16 hall_gt=0.027 | polar3: full=0.897 modeF1=0.906 hallF1=0.460 @ 2400000 anchors
[eval:flow] d=32 K=32 hall_gt=0.028 | polar3: full=0.887 modeF1=0.895 hallF1=0.465 @ 2400000 anchors
[eval:flow] d=64 K= 2 hall_gt=0.021 | polar3: full=0.960 modeF1=0.967 hallF1=0.535 @ 150000 anchors
[eval:flow] d=64 K= 4 hall_gt=0.017 | polar3: full=0.946 modeF1=0.952 hallF1=0.590 @ 300000 anchors
[eval:flow] d=64 K= 8 hall_gt=0.015 | polar3: full=0.924 modeF1=0.930 hallF1=0.517 @ 600000 anchors
[eval:flow] d=64 K=16 hall_gt=0.026 | polar3: full=0.902 modeF1=0.910 hallF1=0.525 @ 2400000 anchors
[eval:flow] d=64 K=32 hall_gt=0.018 | polar3: full=0.890 modeF1=0.895 hallF1=0.512 @ 4800000 anchors
[eval:flow] wrote /home/pmehrotra3/workspace/test_run/iclr_code/output/2026-09-19_04-50-15/flow/T300/results.json and /home/pmehrotra3/workspace/test_run/iclr_code/output/2026-09-19_04-50-15/flow/T300/results.csv

>>> STAGE: visualize
----------------------------------------
[viz] wrote /home/pmehrotra3/workspace/test_run/iclr_code/output/2026-09-19_04-50-15/flow/T300/table.tex
[viz] wrote /home/pmehrotra3/workspace/test_run/iclr_code/output/2026-09-19_04-50-15/flow/T300/table.png
[viz] wrote /home/pmehrotra3/workspace/test_run/iclr_code/output/2026-09-19_04-50-15/flow/T300/knn.png
[viz] wrote /home/pmehrotra3/workspace/test_run/iclr_code/output/2026-09-19_04-50-15/flow/T300/altered_knn.png
[viz] wrote /home/pmehrotra3/workspace/test_run/iclr_code/output/2026-09-19_04-50-15/flow/T300/polar3.png
[viz] wrote /home/pmehrotra3/workspace/test_run/iclr_code/output/2026-09-19_04-50-15/flow/T300/anchors_2000/knn.png
[viz] wrote /home/pmehrotra3/workspace/test_run/iclr_code/output/2026-09-19_04-50-15/flow/T300/anchors_2000/altered_knn.png
[viz] wrote /home/pmehrotra3/workspace/test_run/iclr_code/output/2026-09-19_04-50-15/flow/T300/anchors_2000/polar3.png
[viz] wrote /home/pmehrotra3/workspace/test_run/iclr_code/output/2026-09-19_04-50-15/flow/T300/anchors_5000/knn.png
[viz] wrote /home/pmehrotra3/workspace/test_run/iclr_code/output/2026-09-19_04-50-15/flow/T300/anchors_5000/altered_knn.png
[viz] wrote /home/pmehrotra3/workspace/test_run/iclr_code/output/2026-09-19_04-50-15/flow/T300/anchors_5000/polar3.png
[viz] wrote /home/pmehrotra3/workspace/test_run/iclr_code/output/2026-09-19_04-50-15/flow/T300/anchors_10000/knn.png
[viz] wrote /home/pmehrotra3/workspace/test_run/iclr_code/output/2026-09-19_04-50-15/flow/T300/anchors_10000/altered_knn.png
[viz] wrote /home/pmehrotra3/workspace/test_run/iclr_code/output/2026-09-19_04-50-15/flow/T300/anchors_10000/polar3.png
[viz] wrote /home/pmehrotra3/workspace/test_run/iclr_code/output/2026-09-19_04-50-15/flow/T300/anchors_20000/knn.png
[viz] wrote /home/pmehrotra3/workspace/test_run/iclr_code/output/2026-09-19_04-50-15/flow/T300/anchors_20000/altered_knn.png
[viz] wrote /home/pmehrotra3/workspace/test_run/iclr_code/output/2026-09-19_04-50-15/flow/T300/anchors_20000/polar3.png
[viz] wrote /home/pmehrotra3/workspace/test_run/iclr_code/output/2026-09-19_04-50-15/flow/T300/anchors_50000/knn.png
[viz] wrote /home/pmehrotra3/workspace/test_run/iclr_code/output/2026-09-19_04-50-15/flow/T300/anchors_50000/altered_knn.png
[viz] wrote /home/pmehrotra3/workspace/test_run/iclr_code/output/2026-09-19_04-50-15/flow/T300/anchors_50000/polar3.png
[viz] wrote /home/pmehrotra3/workspace/test_run/iclr_code/output/2026-09-19_04-50-15/flow/T300/anchors_100000/knn.png
[viz] wrote /home/pmehrotra3/workspace/test_run/iclr_code/output/2026-09-19_04-50-15/flow/T300/anchors_100000/altered_knn.png
[viz] wrote /home/pmehrotra3/workspace/test_run/iclr_code/output/2026-09-19_04-50-15/flow/T300/anchors_100000/polar3.png

All requested stages complete.
