/home/pmehrotra3/workspace/test_run/iclr_code/code/evaluate.py:31: FutureWarning: You are using `torch.load` with `weights_only=False` (the current default value), which uses the default pickle module implicitly. It is possible to construct malicious pickle data which will execute arbitrary code during unpickling (See https://github.com/pytorch/pytorch/blob/main/SECURITY.md#untrusted-models for more details). In a future release, the default value for `weights_only` will be flipped to `True`. This limits the functions that could be executed during unpickling. Arbitrary objects will no longer be allowed to be loaded via this mode unless they are explicitly allowlisted by the user via `torch.serialization.add_safe_globals`. We recommend you start setting `weights_only=True` for any use case where you don't have full control of the loaded file. Please open an issue on GitHub for any issues related to this experimental feature.
  ck = torch.load(path, map_location=device)
/home/pmehrotra3/workspace/test_run/iclr_code/code/evaluate.py:31: FutureWarning: You are using `torch.load` with `weights_only=False` (the current default value), which uses the default pickle module implicitly. It is possible to construct malicious pickle data which will execute arbitrary code during unpickling (See https://github.com/pytorch/pytorch/blob/main/SECURITY.md#untrusted-models for more details). In a future release, the default value for `weights_only` will be flipped to `True`. This limits the functions that could be executed during unpickling. Arbitrary objects will no longer be allowed to be loaded via this mode unless they are explicitly allowlisted by the user via `torch.serialization.add_safe_globals`. We recommend you start setting `weights_only=True` for any use case where you don't have full control of the loaded file. Please open an issue on GitHub for any issues related to this experimental feature.
  ck = torch.load(path, map_location=device)
======================================================================
process:
  name: ddim
  T_train: 150
  T_true: 300
  beta_min: 0.0001
  beta_max: 0.02
sweep:
  d:
  - 2
  - 4
  - 8
  - 16
  - 32
  - 64
  K:
  - 2
  - 4
  - 8
  - 16
  - 32
  anchors:
  - 2000
  - 5000
  - 10000
  - 20000
  - 50000
  - 100000
classifier:
  _shared:
    hidden: 256
    depth: 4
    degree: 3
    epochs: 30
    batch: 2048
    lr: 0.003
    weight_decay: 0.0001
    min_steps: 3000
    ensemble: 3
    k: 10
    bandwidth: 1.0
    temperature: 0.1
    threshold: auto
    confidence: entropy
  primary: polar3
  models:
  - name: knn
    arch: knn
  - name: altered_knn
    arch: altered_knn
  - name: polar3
    arch: polar
    degree: 3
stages:
- evaluate
- visualize
device: cuda
seed: 0
run_id: 2026-09-19_04-50-15
data:
  sigma: 0.1
  radius: 2.0
  m_mult: 1.5
  mass_q: 0.99
train:
  force_retrain: false
  base_steps: 3000
  lr: 0.001
  batch: 512
  probe_n: 10000
  hall_target: 0.03
  step_growth: 1.7
  max_attempts: 6
eval:
  n_eval: 20000
anchors:
  seed: 0
  shell_frac: 0.5
  shell_sigma: 2.0
  n_calibrate: 5000
  altered_knn:
    n_rings: 5
    r_max: 1.5
    weight: linear
    w_min: 0.2
paths:
  root: ${oc.env:ATLAS_ROOT,${oc.env:PWD}}
  data: ${paths.root}/data
  output: ${paths.root}/output

======================================================================

>>> STAGE: evaluate
----------------------------------------
[eval:ddim] d= 2 K= 2 hall_gt=0.053 | polar3: full=0.962 modeF1=0.980 hallF1=0.487 @ 30000 anchors
[eval:ddim] d= 2 K= 4 hall_gt=0.035 | polar3: full=0.893 modeF1=0.903 hallF1=0.401 @ 300000 anchors
[eval:ddim] d= 2 K= 8 hall_gt=0.027 | polar3: full=0.901 modeF1=0.921 hallF1=0.178 @ 1200000 anchors
[eval:ddim] d= 2 K=16 -> no checkpoint, skipped
[eval:ddim] d= 2 K=32 -> no checkpoint, skipped
[eval:ddim] d= 4 K= 2 hall_gt=0.112 | polar3: full=0.905 modeF1=0.948 hallF1=0.312 @ 300000 anchors
[eval:ddim] d= 4 K= 4 hall_gt=0.090 | polar3: full=0.849 modeF1=0.876 hallF1=0.307 @ 12000 anchors
[eval:ddim] d= 4 K= 8 hall_gt=0.027 | polar3: full=0.845 modeF1=0.857 hallF1=0.280 @ 1200000 anchors
[eval:ddim] d= 4 K=16 hall_gt=0.032 | polar3: full=0.881 modeF1=0.898 hallF1=0.279 @ 2400000 anchors
[eval:ddim] d= 4 K=32 hall_gt=0.031 | polar3: full=0.861 modeF1=0.879 hallF1=0.248 @ 4800000 anchors
[eval:ddim] d= 8 K= 2 hall_gt=0.200 | polar3: full=0.819 modeF1=0.893 hallF1=0.245 @ 300000 anchors
[eval:ddim] d= 8 K= 4 hall_gt=0.069 | polar3: full=0.901 modeF1=0.924 hallF1=0.378 @ 600000 anchors
[eval:ddim] d= 8 K= 8 hall_gt=0.034 | polar3: full=0.919 modeF1=0.931 hallF1=0.462 @ 1200000 anchors
[eval:ddim] d= 8 K=16 hall_gt=0.039 | polar3: full=0.883 modeF1=0.895 hallF1=0.348 @ 2400000 anchors
[eval:ddim] d= 8 K=32 hall_gt=0.030 | polar3: full=0.879 modeF1=0.892 hallF1=0.362 @ 4800000 anchors
[eval:ddim] d=16 K= 2 hall_gt=0.204 | polar3: full=0.815 modeF1=0.890 hallF1=0.251 @ 300000 anchors
[eval:ddim] d=16 K= 4 hall_gt=0.118 | polar3: full=0.875 modeF1=0.918 hallF1=0.277 @ 600000 anchors
[eval:ddim] d=16 K= 8 hall_gt=0.081 | polar3: full=0.896 modeF1=0.925 hallF1=0.327 @ 1200000 anchors
[eval:ddim] d=16 K=16 hall_gt=0.062 | polar3: full=0.876 modeF1=0.895 hallF1=0.349 @ 2400000 anchors
[eval:ddim] d=16 K=32 hall_gt=0.043 | polar3: full=0.874 modeF1=0.886 hallF1=0.397 @ 2400000 anchors
[eval:ddim] d=32 K= 2 hall_gt=0.454 | polar3: full=0.572 modeF1=0.704 hallF1=0.171 @ 300000 anchors
[eval:ddim] d=32 K= 4 hall_gt=0.417 | polar3: full=0.592 modeF1=0.720 hallF1=0.144 @ 600000 anchors
[eval:ddim] d=32 K= 8 hall_gt=0.272 | polar3: full=0.672 modeF1=0.756 hallF1=0.153 @ 600000 anchors
[eval:ddim] d=32 K=16 hall_gt=0.208 | polar3: full=0.736 modeF1=0.807 hallF1=0.156 @ 480000 anchors
[eval:ddim] d=32 K=32 hall_gt=0.154 | polar3: full=0.750 modeF1=0.800 hallF1=0.172 @ 4800000 anchors
[eval:ddim] d=64 K= 2 hall_gt=0.881 | polar3: full=0.191 modeF1=0.227 hallF1=0.150 @ 150000 anchors
[eval:ddim] d=64 K= 4 hall_gt=0.858 | polar3: full=0.191 modeF1=0.254 hallF1=0.113 @ 600000 anchors
[eval:ddim] d=64 K= 8 hall_gt=0.829 | polar3: full=0.210 modeF1=0.298 hallF1=0.091 @ 1200000 anchors
[eval:ddim] d=64 K=16 hall_gt=0.818 | polar3: full=0.204 modeF1=0.293 hallF1=0.069 @ 1200000 anchors
[eval:ddim] d=64 K=32 hall_gt=0.781 | polar3: full=0.234 modeF1=0.346 hallF1=0.062 @ 4800000 anchors
[eval:ddim] wrote /home/pmehrotra3/workspace/test_run/iclr_code/output/2026-09-19_04-50-15/ddim/T300/results.json and /home/pmehrotra3/workspace/test_run/iclr_code/output/2026-09-19_04-50-15/ddim/T300/results.csv

>>> STAGE: visualize
----------------------------------------
[viz] wrote /home/pmehrotra3/workspace/test_run/iclr_code/output/2026-09-19_04-50-15/ddim/T300/table.tex
[viz] wrote /home/pmehrotra3/workspace/test_run/iclr_code/output/2026-09-19_04-50-15/ddim/T300/table.png
[viz] wrote /home/pmehrotra3/workspace/test_run/iclr_code/output/2026-09-19_04-50-15/ddim/T300/knn.png
[viz] wrote /home/pmehrotra3/workspace/test_run/iclr_code/output/2026-09-19_04-50-15/ddim/T300/altered_knn.png
[viz] wrote /home/pmehrotra3/workspace/test_run/iclr_code/output/2026-09-19_04-50-15/ddim/T300/polar3.png
[viz] wrote /home/pmehrotra3/workspace/test_run/iclr_code/output/2026-09-19_04-50-15/ddim/T300/anchors_2000/knn.png
[viz] wrote /home/pmehrotra3/workspace/test_run/iclr_code/output/2026-09-19_04-50-15/ddim/T300/anchors_2000/altered_knn.png
[viz] wrote /home/pmehrotra3/workspace/test_run/iclr_code/output/2026-09-19_04-50-15/ddim/T300/anchors_2000/polar3.png
[viz] wrote /home/pmehrotra3/workspace/test_run/iclr_code/output/2026-09-19_04-50-15/ddim/T300/anchors_5000/knn.png
[viz] wrote /home/pmehrotra3/workspace/test_run/iclr_code/output/2026-09-19_04-50-15/ddim/T300/anchors_5000/altered_knn.png
[viz] wrote /home/pmehrotra3/workspace/test_run/iclr_code/output/2026-09-19_04-50-15/ddim/T300/anchors_5000/polar3.png
[viz] wrote /home/pmehrotra3/workspace/test_run/iclr_code/output/2026-09-19_04-50-15/ddim/T300/anchors_10000/knn.png
[viz] wrote /home/pmehrotra3/workspace/test_run/iclr_code/output/2026-09-19_04-50-15/ddim/T300/anchors_10000/altered_knn.png
[viz] wrote /home/pmehrotra3/workspace/test_run/iclr_code/output/2026-09-19_04-50-15/ddim/T300/anchors_10000/polar3.png
[viz] wrote /home/pmehrotra3/workspace/test_run/iclr_code/output/2026-09-19_04-50-15/ddim/T300/anchors_20000/knn.png
[viz] wrote /home/pmehrotra3/workspace/test_run/iclr_code/output/2026-09-19_04-50-15/ddim/T300/anchors_20000/altered_knn.png
[viz] wrote /home/pmehrotra3/workspace/test_run/iclr_code/output/2026-09-19_04-50-15/ddim/T300/anchors_20000/polar3.png
[viz] wrote /home/pmehrotra3/workspace/test_run/iclr_code/output/2026-09-19_04-50-15/ddim/T300/anchors_50000/knn.png
[viz] wrote /home/pmehrotra3/workspace/test_run/iclr_code/output/2026-09-19_04-50-15/ddim/T300/anchors_50000/altered_knn.png
[viz] wrote /home/pmehrotra3/workspace/test_run/iclr_code/output/2026-09-19_04-50-15/ddim/T300/anchors_50000/polar3.png
[viz] wrote /home/pmehrotra3/workspace/test_run/iclr_code/output/2026-09-19_04-50-15/ddim/T300/anchors_100000/knn.png
[viz] wrote /home/pmehrotra3/workspace/test_run/iclr_code/output/2026-09-19_04-50-15/ddim/T300/anchors_100000/altered_knn.png
[viz] wrote /home/pmehrotra3/workspace/test_run/iclr_code/output/2026-09-19_04-50-15/ddim/T300/anchors_100000/polar3.png

All requested stages complete.
