======================================================================
process:
  name: ddim
  T_train: 500
  T_true: 200
  beta_min: 0.0001
  beta_max: 0.02
  true_order: heun
sweep:
  d:
  - 256
  K:
  - 2
  anchors:
  - 20000
  - 50000
  - 100000
classifier:
  _shared:
    hidden: 256
    depth: 4
    degree: 3
    epochs: 30
    batch: 2048
    lr: 0.003
    weight_decay: 0.0001
    min_steps: 3000
    ensemble: 3
    k: 10
    bandwidth: 1.0
    temperature: 0.1
    threshold: auto
    confidence: entropy
  primary: polar8
  models:
  - name: knn
    arch: knn
  - name: altered_knn
    arch: altered_knn
  - name: quadratic
    arch: quadratic
  - name: polar8
    arch: polar
    degree: 8
stages:
- train
device: cuda
seed: 0
n_seeds: 3
run_id: 2026-09-20_19-42-55
data:
  sigma: 0.1
  radius: 2.0
  m_mult: 1.5
  mass_q: 0.99
train:
  force_retrain: true
  base_steps: 30000
  lr: 0.001
  lr_min: 1.0e-05
  grad_clip: 1.0
  ema_decay: 0.999
  ema_warmup: 1000
  batch: 512
  cuda_graph: true
  graph_streams: true
  probe_n: 10000
  hall_target: 0.015
  step_growth: 1.7
  max_attempts: 2
eval:
  n_eval: 200000
anchors:
  seed: 0
  shell_frac: 0.5
  shell_sigma: 2.0
  n_calibrate: 5000
  altered_knn:
    n_rings: 5
    r_max: 1.5
    weight: linear
    w_min: 0.2
paths:
  root: ${oc.env:ATLAS_ROOT,${oc.env:PWD}}
  data: ${paths.root}/data
  output: ${paths.root}/output

======================================================================

>>> STAGE: train
----------------------------------------
Error executing job with overrides: ['process=ddim', 'process.T_train=500', 'sweep.d=[256]', 'sweep.K=[2]', 'seed=0', 'n_seeds=3', 'data.radius=2.0', 'stages=[train]', 'train.force_retrain=true', 'train.graph_streams=true', 'run_id=2026-09-20_19-42-55', 'device=cuda']
Traceback (most recent call last):
  File "/home/pmehrotra3/workspace/test_run/iclr_code/code/main.py", line 47, in main
    STAGES[stage](cfg)
  File "/home/pmehrotra3/workspace/test_run/iclr_code/code/train.py", line 229, in run
    infos = train_cell(cfg, int(d), int(K), seeds, device)
            ^^^^^^^^^^^^^^^^^^^^^^^^^^^^^^^^^^^^^^^^^^^^^^
  File "/home/pmehrotra3/workspace/test_run/iclr_code/code/train.py", line 192, in train_cell
    models = core.run_optimizers(models, closures, steps, cfg.train.lr,
             ^^^^^^^^^^^^^^^^^^^^^^^^^^^^^^^^^^^^^^^^^^^^^^^^^^^^^^^^^^
  File "/home/pmehrotra3/workspace/test_run/iclr_code/code/core.py", line 220, in run_optimizers
    return _run_optimizers_graph(models, loss_closures, n_steps, lr, lr_min, grad_clip,
           ^^^^^^^^^^^^^^^^^^^^^^^^^^^^^^^^^^^^^^^^^^^^^^^^^^^^^^^^^^^^^^^^^^^^^^^^^^^^
  File "/home/pmehrotra3/workspace/test_run/iclr_code/code/core.py", line 350, in _run_optimizers_graph
    g.replay()
  File "/home/pmehrotra3/workspace/iclr_code/venv/lib/python3.12/site-packages/torch/cuda/graphs.py", line 88, in replay
    super().replay()
RuntimeError: CUDA error: an illegal memory access was encountered
CUDA kernel errors might be asynchronously reported at some other API call, so the stacktrace below might be incorrect.
For debugging consider passing CUDA_LAUNCH_BLOCKING=1
Compile with `TORCH_USE_CUDA_DSA` to enable device-side assertions.


Set the environment variable HYDRA_FULL_ERROR=1 for a complete stack trace.
