======================================================================
process:
  T_train: 500
  T_true: 500
  name: flow
  sigma_min: 0.0001
  solver: euler
  true_solver: heun
data:
  mass_q: 0.99
  weighted: false
  name: gmm
  sigma: 0.1
  radius: 2.0
  m_mult: 1.5
sweep:
  d:
  - 2
  - 4
  - 8
  - 16
  - 32
  - 64
  K:
  - 2
  - 4
  - 8
  - 16
  anchors:
  - 20000
  - 50000
  - 100000
train:
  force_retrain: false
  base_steps: 30000
  lr: 0.001
  lr_min: 1.0e-05
  grad_clip: 1.0
  ema_decay: 0.999
  ema_warmup: 1000
  batch: 512
  n_train: 100000
  cuda_graph: true
  graph_streams: true
  probe_n: 10000
  hall_target: 0.015
  step_growth: 1.7
  max_attempts: 2
eval:
  n_eval_per_mode: 20000
  n_eval: null
anchors:
  seed: 0
  shell_frac: 0.5
  shell_sigma: 2.0
  n_calibrate: 5000
  altered_knn:
    n_rings: 5
    r_max: 1.5
    weight: linear
    w_min: 0.2
classifier:
  _shared:
    hidden: 256
    depth: 4
    degree: 3
    epochs: 30
    batch: 2048
    lr: 0.003
    weight_decay: 0.0001
    min_steps: 3000
    ensemble: 3
    k: 10
    bandwidth: 1.0
    temperature: 0.1
    threshold: auto
    confidence: entropy
  models:
    knn:
      name: knn
      arch: knn
    altered_knn:
      name: altered_knn
      arch: altered_knn
    quadratic:
      name: quadratic
      arch: quadratic
    polar8:
      name: polar8
      arch: polar
      degree: 8
stages:
- evaluate
- visualize
device: cuda
seed: 0
n_seeds: 3
run_id: 2026-09-20_18-19-21
paths:
  root: ${oc.env:ATLAS_ROOT,${oc.env:PWD}}
  data: ${paths.root}/data
  output: ${paths.root}/output

======================================================================

>>> STAGE: evaluate
----------------------------------------
[eval:flow] d= 2 K= 2 seeds=3 hall_gt=0.009+-0.001 | knn: full=0.996+-0.001 modeF1=0.998+-0.000 hallF1=0.806+-0.046 @ 300000 anchors
[eval:flow] d= 2 K= 4 seeds=3 hall_gt=0.011+-0.000 | knn: full=0.992+-0.002 modeF1=0.995+-0.002 hallF1=0.700+-0.040 @ 600000 anchors
[eval:flow] d= 2 K= 8 seeds=3 hall_gt=0.012+-0.000 | knn: full=0.985+-0.003 modeF1=0.990+-0.002 hallF1=0.519+-0.034 @ 1200000 anchors
[eval:flow] d= 2 K=16 seed=0    -> no checkpoint, skipped
[eval:flow] d= 2 K=16 seed=100  -> no checkpoint, skipped
[eval:flow] d= 2 K=16 seed=200  -> no checkpoint, skipped
[eval:flow] d= 4 K= 2 seeds=3 hall_gt=0.009+-0.000 | knn: full=0.969+-0.001 modeF1=0.972+-0.001 hallF1=0.622+-0.013 @ 300000 anchors
[eval:flow] d= 4 K= 4 seeds=3 hall_gt=0.011+-0.000 | knn: full=0.941+-0.005 modeF1=0.947+-0.006 hallF1=0.467+-0.032 @ 600000 anchors
[eval:flow] d= 4 K= 8 seeds=3 hall_gt=0.012+-0.001 | knn: full=0.927+-0.005 modeF1=0.937+-0.004 hallF1=0.346+-0.016 @ 1200000 anchors
[eval:flow] d= 4 K=16 seeds=3 hall_gt=0.013+-0.001 | knn: full=0.920+-0.003 modeF1=0.931+-0.003 hallF1=0.320+-0.006 @ 2400000 anchors
[eval:flow] d= 8 K= 2 seeds=3 hall_gt=0.010+-0.000 | knn: full=0.876+-0.001 modeF1=0.880+-0.001 hallF1=0.206+-0.025 @ 300000 anchors
[eval:flow] d= 8 K= 4 seeds=3 hall_gt=0.011+-0.000 | knn: full=0.783+-0.008 modeF1=0.787+-0.008 hallF1=0.289+-0.022 @ 600000 anchors
[eval:flow] d= 8 K= 8 seeds=3 hall_gt=0.013+-0.000 | knn: full=0.719+-0.003 modeF1=0.726+-0.003 hallF1=0.240+-0.008 @ 1200000 anchors
[eval:flow] d= 8 K=16 seeds=3 hall_gt=0.014+-0.000 | knn: full=0.662+-0.003 modeF1=0.674+-0.003 hallF1=0.180+-0.002 @ 2400000 anchors
[eval:flow] d=16 K= 2 seeds=3 hall_gt=0.009+-0.000 | knn: full=0.812+-0.001 modeF1=0.815+-0.001 hallF1=0.020+-0.013 @ 300000 anchors
[eval:flow] d=16 K= 4 seeds=3 hall_gt=0.009+-0.001 | knn: full=0.673+-0.002 modeF1=0.676+-0.002 hallF1=0.062+-0.009 @ 600000 anchors
[eval:flow] d=16 K= 8 seeds=3 hall_gt=0.010+-0.001 | knn: full=0.561+-0.002 modeF1=0.565+-0.002 hallF1=0.103+-0.002 @ 1200000 anchors
[eval:flow] d=16 K=16 seeds=3 hall_gt=0.011+-0.000 | knn: full=0.478+-0.003 modeF1=0.483+-0.003 hallF1=0.113+-0.005 @ 2400000 anchors
[eval:flow] d=32 K= 2 seeds=3 hall_gt=0.009+-0.000 | knn: full=0.779+-0.001 modeF1=0.782+-0.001 hallF1=0.005+-0.000 @ 300000 anchors
[eval:flow] d=32 K= 4 seeds=3 hall_gt=0.010+-0.000 | knn: full=0.615+-0.001 modeF1=0.617+-0.002 hallF1=0.027+-0.008 @ 600000 anchors
[eval:flow] d=32 K= 8 seeds=3 hall_gt=0.010+-0.000 | knn: full=0.485+-0.002 modeF1=0.487+-0.002 hallF1=0.050+-0.006 @ 1200000 anchors
[eval:flow] d=32 K=16 seeds=3 hall_gt=0.010+-0.000 | knn: full=0.380+-0.003 modeF1=0.382+-0.003 hallF1=0.051+-0.001 @ 2400000 anchors
[eval:flow] d=64 K= 2 seeds=3 hall_gt=0.008+-0.000 | knn: full=0.742+-0.000 modeF1=0.744+-0.000 hallF1=0.010+-0.006 @ 300000 anchors
[eval:flow] d=64 K= 4 seeds=3 hall_gt=0.009+-0.001 | knn: full=0.560+-0.001 modeF1=0.562+-0.001 hallF1=0.011+-0.005 @ 600000 anchors
[eval:flow] d=64 K= 8 seeds=3 hall_gt=0.008+-0.000 | knn: full=0.419+-0.003 modeF1=0.421+-0.003 hallF1=0.025+-0.002 @ 1200000 anchors
[eval:flow] d=64 K=16 seeds=3 hall_gt=0.008+-0.000 | knn: full=0.313+-0.002 modeF1=0.314+-0.002 hallF1=0.028+-0.002 @ 2400000 anchors
[eval:flow] wrote /home/pmehrotra3/iclr_code/output/2026-09-20_18-19-21/flow/unweighted/T500/results.json, /home/pmehrotra3/iclr_code/output/2026-09-20_18-19-21/flow/unweighted/T500/results.csv (mean +- std over 3 seeds) and /home/pmehrotra3/iclr_code/output/2026-09-20_18-19-21/flow/unweighted/T500/results_per_seed.csv

>>> STAGE: visualize
----------------------------------------
[viz] wrote /home/pmehrotra3/iclr_code/output/2026-09-20_18-19-21/flow/unweighted/T500/table.tex
[viz] wrote /home/pmehrotra3/iclr_code/output/2026-09-20_18-19-21/flow/unweighted/T500/table.png
[viz] wrote /home/pmehrotra3/iclr_code/output/2026-09-20_18-19-21/flow/unweighted/T500/knn.png
[viz] wrote /home/pmehrotra3/iclr_code/output/2026-09-20_18-19-21/flow/unweighted/T500/altered_knn.png
[viz] wrote /home/pmehrotra3/iclr_code/output/2026-09-20_18-19-21/flow/unweighted/T500/quadratic.png
[viz] wrote /home/pmehrotra3/iclr_code/output/2026-09-20_18-19-21/flow/unweighted/T500/quadratic_cal.png
[viz] wrote /home/pmehrotra3/iclr_code/output/2026-09-20_18-19-21/flow/unweighted/T500/polar8.png
[viz] wrote /home/pmehrotra3/iclr_code/output/2026-09-20_18-19-21/flow/unweighted/T500/polar8_cal.png
[viz] wrote /home/pmehrotra3/iclr_code/output/2026-09-20_18-19-21/flow/unweighted/T500/anchors_20000/knn.png
[viz] wrote /home/pmehrotra3/iclr_code/output/2026-09-20_18-19-21/flow/unweighted/T500/anchors_20000/altered_knn.png
[viz] wrote /home/pmehrotra3/iclr_code/output/2026-09-20_18-19-21/flow/unweighted/T500/anchors_20000/quadratic.png
[viz] wrote /home/pmehrotra3/iclr_code/output/2026-09-20_18-19-21/flow/unweighted/T500/anchors_20000/quadratic_cal.png
[viz] wrote /home/pmehrotra3/iclr_code/output/2026-09-20_18-19-21/flow/unweighted/T500/anchors_20000/polar8.png
[viz] wrote /home/pmehrotra3/iclr_code/output/2026-09-20_18-19-21/flow/unweighted/T500/anchors_20000/polar8_cal.png
[viz] wrote /home/pmehrotra3/iclr_code/output/2026-09-20_18-19-21/flow/unweighted/T500/anchors_50000/knn.png
[viz] wrote /home/pmehrotra3/iclr_code/output/2026-09-20_18-19-21/flow/unweighted/T500/anchors_50000/altered_knn.png
[viz] wrote /home/pmehrotra3/iclr_code/output/2026-09-20_18-19-21/flow/unweighted/T500/anchors_50000/quadratic.png
[viz] wrote /home/pmehrotra3/iclr_code/output/2026-09-20_18-19-21/flow/unweighted/T500/anchors_50000/quadratic_cal.png
[viz] wrote /home/pmehrotra3/iclr_code/output/2026-09-20_18-19-21/flow/unweighted/T500/anchors_50000/polar8.png
[viz] wrote /home/pmehrotra3/iclr_code/output/2026-09-20_18-19-21/flow/unweighted/T500/anchors_50000/polar8_cal.png
[viz] wrote /home/pmehrotra3/iclr_code/output/2026-09-20_18-19-21/flow/unweighted/T500/anchors_100000/knn.png
[viz] wrote /home/pmehrotra3/iclr_code/output/2026-09-20_18-19-21/flow/unweighted/T500/anchors_100000/altered_knn.png
[viz] wrote /home/pmehrotra3/iclr_code/output/2026-09-20_18-19-21/flow/unweighted/T500/anchors_100000/quadratic.png
[viz] wrote /home/pmehrotra3/iclr_code/output/2026-09-20_18-19-21/flow/unweighted/T500/anchors_100000/quadratic_cal.png
[viz] wrote /home/pmehrotra3/iclr_code/output/2026-09-20_18-19-21/flow/unweighted/T500/anchors_100000/polar8.png
[viz] wrote /home/pmehrotra3/iclr_code/output/2026-09-20_18-19-21/flow/unweighted/T500/anchors_100000/polar8_cal.png

All requested stages complete.
