======================================================================
process:
  T_train: 500
  T_true: 100
  name: ddim
  beta_min: 0.0001
  beta_max: 0.02
  true_order: heun
data:
  mass_q: 0.99
  weighted: false
  name: gmm
  sigma: 0.1
  radius: 2.0
  m_mult: 1.5
sweep:
  d:
  - 2
  - 4
  - 8
  - 16
  - 32
  - 64
  K:
  - 2
  - 4
  - 8
  - 16
  anchors:
  - 20000
  - 50000
  - 100000
train:
  force_retrain: false
  base_steps: 30000
  lr: 0.001
  lr_min: 1.0e-05
  grad_clip: 1.0
  ema_decay: 0.999
  ema_warmup: 1000
  batch: 512
  n_train: 100000
  cuda_graph: true
  graph_streams: true
  probe_n: 10000
  hall_target: 0.015
  step_growth: 1.7
  max_attempts: 2
eval:
  n_eval_per_mode: 20000
  n_eval: null
anchors:
  seed: 0
  shell_frac: 0.5
  shell_sigma: 2.0
  n_calibrate: 5000
  altered_knn:
    n_rings: 5
    r_max: 1.5
    weight: linear
    w_min: 0.2
classifier:
  _shared:
    hidden: 256
    depth: 4
    degree: 3
    epochs: 30
    batch: 2048
    lr: 0.003
    weight_decay: 0.0001
    min_steps: 3000
    ensemble: 3
    k: 10
    bandwidth: 1.0
    temperature: 0.1
    threshold: auto
    confidence: entropy
  models:
    knn:
      name: knn
      arch: knn
    altered_knn:
      name: altered_knn
      arch: altered_knn
    quadratic:
      name: quadratic
      arch: quadratic
    polar8:
      name: polar8
      arch: polar
      degree: 8
stages:
- evaluate
- visualize
device: cuda
seed: 0
n_seeds: 3
run_id: 2026-09-20_18-19-21
paths:
  root: ${oc.env:ATLAS_ROOT,${oc.env:PWD}}
  data: ${paths.root}/data
  output: ${paths.root}/output

======================================================================

>>> STAGE: evaluate
----------------------------------------
[eval:ddim] d= 2 K= 2 seeds=3 hall_gt=0.010+-0.001 | knn: full=0.939+-0.039 modeF1=0.968+-0.021 hallF1=0.257+-0.094 @ 60000 anchors
[eval:ddim] d= 2 K= 4 seeds=3 hall_gt=0.011+-0.001 | knn: full=0.828+-0.026 modeF1=0.837+-0.023 hallF1=0.233+-0.035 @ 600000 anchors
[eval:ddim] d= 2 K= 8 seeds=3 hall_gt=0.012+-0.001 | knn: full=0.931+-0.006 modeF1=0.939+-0.006 hallF1=0.275+-0.024 @ 1200000 anchors
[eval:ddim] d= 2 K=16 seed=0    -> no checkpoint, skipped
[eval:ddim] d= 2 K=16 seed=100  -> no checkpoint, skipped
[eval:ddim] d= 2 K=16 seed=200  -> no checkpoint, skipped
[eval:ddim] d= 4 K= 2 seeds=3 hall_gt=0.009+-0.000 | knn: full=0.865+-0.030 modeF1=0.921+-0.018 hallF1=0.126+-0.021 @ 300000 anchors
[eval:ddim] d= 4 K= 4 seeds=3 hall_gt=0.011+-0.000 | knn: full=0.804+-0.063 modeF1=0.832+-0.059 hallF1=0.157+-0.028 @ 600000 anchors
[eval:ddim] d= 4 K= 8 seeds=3 hall_gt=0.011+-0.000 | knn: full=0.803+-0.050 modeF1=0.819+-0.052 hallF1=0.182+-0.025 @ 1200000 anchors
[eval:ddim] d= 4 K=16 seeds=3 hall_gt=0.013+-0.001 | knn: full=0.840+-0.013 modeF1=0.855+-0.013 hallF1=0.193+-0.011 @ 2400000 anchors
[eval:ddim] d= 8 K= 2 seeds=3 hall_gt=0.011+-0.001 | knn: full=0.810+-0.026 modeF1=0.861+-0.017 hallF1=0.133+-0.017 @ 60000 anchors
[eval:ddim] d= 8 K= 4 seeds=3 hall_gt=0.011+-0.000 | knn: full=0.778+-0.009 modeF1=0.818+-0.002 hallF1=0.142+-0.013 @ 600000 anchors
[eval:ddim] d= 8 K= 8 seeds=3 hall_gt=0.012+-0.000 | knn: full=0.741+-0.010 modeF1=0.770+-0.008 hallF1=0.157+-0.011 @ 1200000 anchors
[eval:ddim] d= 8 K=16 seeds=3 hall_gt=0.013+-0.000 | knn: full=0.684+-0.004 modeF1=0.712+-0.004 hallF1=0.145+-0.004 @ 2400000 anchors
[eval:ddim] d=16 K= 2 seeds=3 hall_gt=0.011+-0.000 | knn: full=0.873+-0.014 modeF1=0.892+-0.012 hallF1=0.119+-0.008 @ 60000 anchors
[eval:ddim] d=16 K= 4 seeds=3 hall_gt=0.010+-0.000 | knn: full=0.806+-0.012 modeF1=0.826+-0.010 hallF1=0.150+-0.006 @ 600000 anchors
[eval:ddim] d=16 K= 8 seeds=3 hall_gt=0.011+-0.000 | knn: full=0.714+-0.005 modeF1=0.732+-0.004 hallF1=0.139+-0.008 @ 1200000 anchors
[eval:ddim] d=16 K=16 seeds=3 hall_gt=0.012+-0.000 | knn: full=0.629+-0.004 modeF1=0.648+-0.003 hallF1=0.120+-0.003 @ 2400000 anchors
[eval:ddim] d=32 K= 2 seeds=3 hall_gt=0.010+-0.000 | knn: full=0.910+-0.003 modeF1=0.920+-0.003 hallF1=0.073+-0.016 @ 300000 anchors
[eval:ddim] d=32 K= 4 seeds=3 hall_gt=0.010+-0.000 | knn: full=0.830+-0.009 modeF1=0.842+-0.009 hallF1=0.074+-0.002 @ 600000 anchors
[eval:ddim] d=32 K= 8 seeds=3 hall_gt=0.011+-0.000 | knn: full=0.763+-0.008 modeF1=0.776+-0.009 hallF1=0.072+-0.006 @ 1200000 anchors
[eval:ddim] d=32 K=16 seeds=3 hall_gt=0.012+-0.000 | knn: full=0.687+-0.001 modeF1=0.702+-0.002 hallF1=0.072+-0.002 @ 2400000 anchors
[eval:ddim] d=64 K= 2 seeds=3 hall_gt=0.010+-0.001 | knn: full=0.918+-0.007 modeF1=0.925+-0.006 hallF1=0.027+-0.006 @ 300000 anchors
[eval:ddim] d=64 K= 4 seeds=3 hall_gt=0.011+-0.001 | knn: full=0.854+-0.004 modeF1=0.863+-0.004 hallF1=0.031+-0.003 @ 600000 anchors
[eval:ddim] d=64 K= 8 seeds=3 hall_gt=0.011+-0.001 | knn: full=0.795+-0.001 modeF1=0.805+-0.001 hallF1=0.043+-0.002 @ 1200000 anchors
[eval:ddim] d=64 K=16 seeds=3 hall_gt=0.012+-0.000 | knn: full=0.735+-0.003 modeF1=0.748+-0.003 hallF1=0.040+-0.002 @ 2400000 anchors
[eval:ddim] wrote /home/pmehrotra3/iclr_code/output/2026-09-20_18-19-21/ddim/unweighted/T100/results.json, /home/pmehrotra3/iclr_code/output/2026-09-20_18-19-21/ddim/unweighted/T100/results.csv (mean +- std over 3 seeds) and /home/pmehrotra3/iclr_code/output/2026-09-20_18-19-21/ddim/unweighted/T100/results_per_seed.csv

>>> STAGE: visualize
----------------------------------------
[viz] wrote /home/pmehrotra3/iclr_code/output/2026-09-20_18-19-21/ddim/unweighted/T100/table.tex
[viz] wrote /home/pmehrotra3/iclr_code/output/2026-09-20_18-19-21/ddim/unweighted/T100/table.png
[viz] wrote /home/pmehrotra3/iclr_code/output/2026-09-20_18-19-21/ddim/unweighted/T100/knn.png
[viz] wrote /home/pmehrotra3/iclr_code/output/2026-09-20_18-19-21/ddim/unweighted/T100/altered_knn.png
[viz] wrote /home/pmehrotra3/iclr_code/output/2026-09-20_18-19-21/ddim/unweighted/T100/quadratic.png
[viz] wrote /home/pmehrotra3/iclr_code/output/2026-09-20_18-19-21/ddim/unweighted/T100/quadratic_cal.png
[viz] wrote /home/pmehrotra3/iclr_code/output/2026-09-20_18-19-21/ddim/unweighted/T100/polar8.png
[viz] wrote /home/pmehrotra3/iclr_code/output/2026-09-20_18-19-21/ddim/unweighted/T100/polar8_cal.png
[viz] wrote /home/pmehrotra3/iclr_code/output/2026-09-20_18-19-21/ddim/unweighted/T100/anchors_20000/knn.png
[viz] wrote /home/pmehrotra3/iclr_code/output/2026-09-20_18-19-21/ddim/unweighted/T100/anchors_20000/altered_knn.png
[viz] wrote /home/pmehrotra3/iclr_code/output/2026-09-20_18-19-21/ddim/unweighted/T100/anchors_20000/quadratic.png
[viz] wrote /home/pmehrotra3/iclr_code/output/2026-09-20_18-19-21/ddim/unweighted/T100/anchors_20000/quadratic_cal.png
[viz] wrote /home/pmehrotra3/iclr_code/output/2026-09-20_18-19-21/ddim/unweighted/T100/anchors_20000/polar8.png
[viz] wrote /home/pmehrotra3/iclr_code/output/2026-09-20_18-19-21/ddim/unweighted/T100/anchors_20000/polar8_cal.png
[viz] wrote /home/pmehrotra3/iclr_code/output/2026-09-20_18-19-21/ddim/unweighted/T100/anchors_50000/knn.png
[viz] wrote /home/pmehrotra3/iclr_code/output/2026-09-20_18-19-21/ddim/unweighted/T100/anchors_50000/altered_knn.png
[viz] wrote /home/pmehrotra3/iclr_code/output/2026-09-20_18-19-21/ddim/unweighted/T100/anchors_50000/quadratic.png
[viz] wrote /home/pmehrotra3/iclr_code/output/2026-09-20_18-19-21/ddim/unweighted/T100/anchors_50000/quadratic_cal.png
[viz] wrote /home/pmehrotra3/iclr_code/output/2026-09-20_18-19-21/ddim/unweighted/T100/anchors_50000/polar8.png
[viz] wrote /home/pmehrotra3/iclr_code/output/2026-09-20_18-19-21/ddim/unweighted/T100/anchors_50000/polar8_cal.png
[viz] wrote /home/pmehrotra3/iclr_code/output/2026-09-20_18-19-21/ddim/unweighted/T100/anchors_100000/knn.png
[viz] wrote /home/pmehrotra3/iclr_code/output/2026-09-20_18-19-21/ddim/unweighted/T100/anchors_100000/altered_knn.png
[viz] wrote /home/pmehrotra3/iclr_code/output/2026-09-20_18-19-21/ddim/unweighted/T100/anchors_100000/quadratic.png
[viz] wrote /home/pmehrotra3/iclr_code/output/2026-09-20_18-19-21/ddim/unweighted/T100/anchors_100000/quadratic_cal.png
[viz] wrote /home/pmehrotra3/iclr_code/output/2026-09-20_18-19-21/ddim/unweighted/T100/anchors_100000/polar8.png
[viz] wrote /home/pmehrotra3/iclr_code/output/2026-09-20_18-19-21/ddim/unweighted/T100/anchors_100000/polar8_cal.png

All requested stages complete.
