/home/pmehrotra3/workspace/test_run/iclr_code/code/evaluate.py:40: FutureWarning: You are using `torch.load` with `weights_only=False` (the current default value), which uses the default pickle module implicitly. It is possible to construct malicious pickle data which will execute arbitrary code during unpickling (See https://github.com/pytorch/pytorch/blob/main/SECURITY.md#untrusted-models for more details). In a future release, the default value for `weights_only` will be flipped to `True`. This limits the functions that could be executed during unpickling. Arbitrary objects will no longer be allowed to be loaded via this mode unless they are explicitly allowlisted by the user via `torch.serialization.add_safe_globals`. We recommend you start setting `weights_only=True` for any use case where you don't have full control of the loaded file. Please open an issue on GitHub for any issues related to this experimental feature.
  ck = torch.load(path, map_location=device)
/home/pmehrotra3/workspace/test_run/iclr_code/code/train.py:105: FutureWarning: You are using `torch.load` with `weights_only=False` (the current default value), which uses the default pickle module implicitly. It is possible to construct malicious pickle data which will execute arbitrary code during unpickling (See https://github.com/pytorch/pytorch/blob/main/SECURITY.md#untrusted-models for more details). In a future release, the default value for `weights_only` will be flipped to `True`. This limits the functions that could be executed during unpickling. Arbitrary objects will no longer be allowed to be loaded via this mode unless they are explicitly allowlisted by the user via `torch.serialization.add_safe_globals`. We recommend you start setting `weights_only=True` for any use case where you don't have full control of the loaded file. Please open an issue on GitHub for any issues related to this experimental feature.
  blob = torch.load(p, map_location=device)
/home/pmehrotra3/workspace/test_run/iclr_code/code/evaluate.py:40: FutureWarning: You are using `torch.load` with `weights_only=False` (the current default value), which uses the default pickle module implicitly. It is possible to construct malicious pickle data which will execute arbitrary code during unpickling (See https://github.com/pytorch/pytorch/blob/main/SECURITY.md#untrusted-models for more details). In a future release, the default value for `weights_only` will be flipped to `True`. This limits the functions that could be executed during unpickling. Arbitrary objects will no longer be allowed to be loaded via this mode unless they are explicitly allowlisted by the user via `torch.serialization.add_safe_globals`. We recommend you start setting `weights_only=True` for any use case where you don't have full control of the loaded file. Please open an issue on GitHub for any issues related to this experimental feature.
  ck = torch.load(path, map_location=device)
/home/pmehrotra3/workspace/test_run/iclr_code/code/train.py:105: FutureWarning: You are using `torch.load` with `weights_only=False` (the current default value), which uses the default pickle module implicitly. It is possible to construct malicious pickle data which will execute arbitrary code during unpickling (See https://github.com/pytorch/pytorch/blob/main/SECURITY.md#untrusted-models for more details). In a future release, the default value for `weights_only` will be flipped to `True`. This limits the functions that could be executed during unpickling. Arbitrary objects will no longer be allowed to be loaded via this mode unless they are explicitly allowlisted by the user via `torch.serialization.add_safe_globals`. We recommend you start setting `weights_only=True` for any use case where you don't have full control of the loaded file. Please open an issue on GitHub for any issues related to this experimental feature.
  blob = torch.load(p, map_location=device)
======================================================================
process:
  T_train: 500
  T_true: 100
  name: ddim
  beta_min: 0.0001
  beta_max: 0.02
  true_order: heun
data:
  mass_q: 0.99
  weighted: true
  name: gmm
  sigma: 0.1
  radius: 2.0
  m_mult: 1.5
sweep:
  d:
  - 2
  - 4
  - 8
  - 16
  - 32
  - 64
  K:
  - 2
  - 4
  - 8
  - 16
  anchors:
  - 20000
  - 50000
  - 100000
train:
  force_retrain: false
  base_steps: 30000
  lr: 0.001
  lr_min: 1.0e-05
  grad_clip: 1.0
  ema_decay: 0.999
  ema_warmup: 1000
  batch: 512
  n_train: 100000
  cuda_graph: true
  graph_streams: true
  probe_n: 10000
  hall_target: 0.015
  step_growth: 1.7
  max_attempts: 2
eval:
  n_eval_per_mode: 20000
  n_eval: null
anchors:
  seed: 0
  shell_frac: 0.5
  shell_sigma: 2.0
  n_calibrate: 5000
  altered_knn:
    n_rings: 5
    r_max: 1.5
    weight: linear
    w_min: 0.2
classifier:
  _shared:
    hidden: 256
    depth: 4
    degree: 3
    epochs: 30
    batch: 2048
    lr: 0.003
    weight_decay: 0.0001
    min_steps: 3000
    ensemble: 3
    k: 10
    bandwidth: 1.0
    temperature: 0.1
    threshold: auto
    confidence: entropy
  models:
    knn:
      name: knn
      arch: knn
    altered_knn:
      name: altered_knn
      arch: altered_knn
    quadratic:
      name: quadratic
      arch: quadratic
    polar8:
      name: polar8
      arch: polar
      degree: 8
stages:
- evaluate
- visualize
device: cuda
seed: 0
n_seeds: 1
run_id: 2026-09-20_23-24-24
paths:
  root: ${oc.env:ATLAS_ROOT,${oc.env:PWD}}
  data: ${paths.root}/data
  output: ${paths.root}/output

======================================================================

>>> STAGE: evaluate
----------------------------------------
[eval:ddim] d= 2 K= 2 seeds=1 hall_gt=0.010+-0.000 | knn: full=0.820+-0.000 modeF1=0.868+-0.000 hallF1=0.099+-0.000 @ 60000 anchors
[eval:ddim] d= 2 K= 4 seeds=1 hall_gt=0.010+-0.000 | knn: full=0.792+-0.000 modeF1=0.796+-0.000 hallF1=0.168+-0.000 @ 600000 anchors
[eval:ddim] d= 2 K= 8 seeds=1 hall_gt=0.011+-0.000 | knn: full=0.934+-0.000 modeF1=0.938+-0.000 hallF1=0.300+-0.000 @ 1200000 anchors
[eval:ddim] d= 2 K=16 seed=0    -> no checkpoint, skipped
[eval:ddim] d= 4 K= 2 seeds=1 hall_gt=0.011+-0.000 | knn: full=0.769+-0.000 modeF1=0.830+-0.000 hallF1=0.108+-0.000 @ 60000 anchors
[eval:ddim] d= 4 K= 4 seeds=1 hall_gt=0.011+-0.000 | knn: full=0.786+-0.000 modeF1=0.811+-0.000 hallF1=0.117+-0.000 @ 120000 anchors
[eval:ddim] d= 4 K= 8 seeds=1 hall_gt=0.012+-0.000 | knn: full=0.743+-0.000 modeF1=0.747+-0.000 hallF1=0.150+-0.000 @ 600000 anchors
[eval:ddim] d= 4 K=16 seeds=1 hall_gt=0.013+-0.000 | knn: full=0.822+-0.000 modeF1=0.812+-0.000 hallF1=0.182+-0.000 @ 2400000 anchors
[eval:ddim] d= 8 K= 2 seeds=1 hall_gt=0.011+-0.000 | knn: full=0.732+-0.000 modeF1=0.791+-0.000 hallF1=0.104+-0.000 @ 60000 anchors
[eval:ddim] d= 8 K= 4 seeds=1 hall_gt=0.011+-0.000 | knn: full=0.771+-0.000 modeF1=0.805+-0.000 hallF1=0.139+-0.000 @ 600000 anchors
[eval:ddim] d= 8 K= 8 seeds=1 hall_gt=0.012+-0.000 | knn: full=0.731+-0.000 modeF1=0.757+-0.000 hallF1=0.174+-0.000 @ 1200000 anchors
[eval:ddim] d= 8 K=16 seeds=1 hall_gt=0.013+-0.000 | knn: full=0.639+-0.000 modeF1=0.649+-0.000 hallF1=0.142+-0.000 @ 2400000 anchors
[eval:ddim] d=16 K= 2 seeds=1 hall_gt=0.011+-0.000 | knn: full=0.816+-0.000 modeF1=0.829+-0.000 hallF1=0.118+-0.000 @ 60000 anchors
[eval:ddim] d=16 K= 4 seeds=1 hall_gt=0.010+-0.000 | knn: full=0.781+-0.000 modeF1=0.796+-0.000 hallF1=0.153+-0.000 @ 600000 anchors
[eval:ddim] d=16 K= 8 seeds=1 hall_gt=0.011+-0.000 | knn: full=0.706+-0.000 modeF1=0.721+-0.000 hallF1=0.135+-0.000 @ 1200000 anchors
[eval:ddim] d=16 K=16 seeds=1 hall_gt=0.012+-0.000 | knn: full=0.594+-0.000 modeF1=0.599+-0.000 hallF1=0.115+-0.000 @ 2400000 anchors
[eval:ddim] d=32 K= 2 seeds=1 hall_gt=0.009+-0.000 | knn: full=0.839+-0.000 modeF1=0.847+-0.000 hallF1=0.063+-0.000 @ 150000 anchors
[eval:ddim] d=32 K= 4 seeds=1 hall_gt=0.010+-0.000 | knn: full=0.810+-0.000 modeF1=0.817+-0.000 hallF1=0.082+-0.000 @ 600000 anchors
[eval:ddim] d=32 K= 8 seeds=1 hall_gt=0.010+-0.000 | knn: full=0.758+-0.000 modeF1=0.768+-0.000 hallF1=0.073+-0.000 @ 1200000 anchors
[eval:ddim] d=32 K=16 seeds=1 hall_gt=0.012+-0.000 | knn: full=0.640+-0.000 modeF1=0.641+-0.000 hallF1=0.077+-0.000 @ 2400000 anchors
[eval:ddim] d=64 K= 2 seeds=1 hall_gt=0.010+-0.000 | knn: full=0.869+-0.000 modeF1=0.875+-0.000 hallF1=0.031+-0.000 @ 150000 anchors
[eval:ddim] d=64 K= 4 seeds=1 hall_gt=0.009+-0.000 | knn: full=0.823+-0.000 modeF1=0.828+-0.000 hallF1=0.029+-0.000 @ 300000 anchors
[eval:ddim] d=64 K= 8 seeds=1 hall_gt=0.010+-0.000 | knn: full=0.772+-0.000 modeF1=0.781+-0.000 hallF1=0.040+-0.000 @ 600000 anchors
[eval:ddim] d=64 K=16 seeds=1 hall_gt=0.012+-0.000 | knn: full=0.677+-0.000 modeF1=0.678+-0.000 hallF1=0.036+-0.000 @ 2400000 anchors
[eval:ddim] wrote /home/pmehrotra3/workspace/test_run/iclr_code/output/2026-09-20_23-24-24/ddim/weighted/T100/results.json, /home/pmehrotra3/workspace/test_run/iclr_code/output/2026-09-20_23-24-24/ddim/weighted/T100/results.csv (mean +- std over 1 seeds) and /home/pmehrotra3/workspace/test_run/iclr_code/output/2026-09-20_23-24-24/ddim/weighted/T100/results_per_seed.csv

>>> STAGE: visualize
----------------------------------------
[viz] wrote /home/pmehrotra3/workspace/test_run/iclr_code/output/2026-09-20_23-24-24/ddim/weighted/T100/table.tex
[viz] wrote /home/pmehrotra3/workspace/test_run/iclr_code/output/2026-09-20_23-24-24/ddim/weighted/T100/table.png
[viz] wrote /home/pmehrotra3/workspace/test_run/iclr_code/output/2026-09-20_23-24-24/ddim/weighted/T100/knn.png
[viz] wrote /home/pmehrotra3/workspace/test_run/iclr_code/output/2026-09-20_23-24-24/ddim/weighted/T100/altered_knn.png
[viz] wrote /home/pmehrotra3/workspace/test_run/iclr_code/output/2026-09-20_23-24-24/ddim/weighted/T100/quadratic.png
[viz] wrote /home/pmehrotra3/workspace/test_run/iclr_code/output/2026-09-20_23-24-24/ddim/weighted/T100/quadratic_cal.png
[viz] wrote /home/pmehrotra3/workspace/test_run/iclr_code/output/2026-09-20_23-24-24/ddim/weighted/T100/polar8.png
[viz] wrote /home/pmehrotra3/workspace/test_run/iclr_code/output/2026-09-20_23-24-24/ddim/weighted/T100/polar8_cal.png
[viz] wrote /home/pmehrotra3/workspace/test_run/iclr_code/output/2026-09-20_23-24-24/ddim/weighted/T100/anchors_20000/knn.png
[viz] wrote /home/pmehrotra3/workspace/test_run/iclr_code/output/2026-09-20_23-24-24/ddim/weighted/T100/anchors_20000/altered_knn.png
[viz] wrote /home/pmehrotra3/workspace/test_run/iclr_code/output/2026-09-20_23-24-24/ddim/weighted/T100/anchors_20000/quadratic.png
[viz] wrote /home/pmehrotra3/workspace/test_run/iclr_code/output/2026-09-20_23-24-24/ddim/weighted/T100/anchors_20000/quadratic_cal.png
[viz] wrote /home/pmehrotra3/workspace/test_run/iclr_code/output/2026-09-20_23-24-24/ddim/weighted/T100/anchors_20000/polar8.png
[viz] wrote /home/pmehrotra3/workspace/test_run/iclr_code/output/2026-09-20_23-24-24/ddim/weighted/T100/anchors_20000/polar8_cal.png
[viz] wrote /home/pmehrotra3/workspace/test_run/iclr_code/output/2026-09-20_23-24-24/ddim/weighted/T100/anchors_50000/knn.png
[viz] wrote /home/pmehrotra3/workspace/test_run/iclr_code/output/2026-09-20_23-24-24/ddim/weighted/T100/anchors_50000/altered_knn.png
[viz] wrote /home/pmehrotra3/workspace/test_run/iclr_code/output/2026-09-20_23-24-24/ddim/weighted/T100/anchors_50000/quadratic.png
[viz] wrote /home/pmehrotra3/workspace/test_run/iclr_code/output/2026-09-20_23-24-24/ddim/weighted/T100/anchors_50000/quadratic_cal.png
[viz] wrote /home/pmehrotra3/workspace/test_run/iclr_code/output/2026-09-20_23-24-24/ddim/weighted/T100/anchors_50000/polar8.png
[viz] wrote /home/pmehrotra3/workspace/test_run/iclr_code/output/2026-09-20_23-24-24/ddim/weighted/T100/anchors_50000/polar8_cal.png
[viz] wrote /home/pmehrotra3/workspace/test_run/iclr_code/output/2026-09-20_23-24-24/ddim/weighted/T100/anchors_100000/knn.png
[viz] wrote /home/pmehrotra3/workspace/test_run/iclr_code/output/2026-09-20_23-24-24/ddim/weighted/T100/anchors_100000/altered_knn.png
[viz] wrote /home/pmehrotra3/workspace/test_run/iclr_code/output/2026-09-20_23-24-24/ddim/weighted/T100/anchors_100000/quadratic.png
[viz] wrote /home/pmehrotra3/workspace/test_run/iclr_code/output/2026-09-20_23-24-24/ddim/weighted/T100/anchors_100000/quadratic_cal.png
[viz] wrote /home/pmehrotra3/workspace/test_run/iclr_code/output/2026-09-20_23-24-24/ddim/weighted/T100/anchors_100000/polar8.png
[viz] wrote /home/pmehrotra3/workspace/test_run/iclr_code/output/2026-09-20_23-24-24/ddim/weighted/T100/anchors_100000/polar8_cal.png

All requested stages complete.
