======================================================================
process:
  name: flow
  T_train: 150
  T_true: 100
  sigma_min: 0.0001
  solver: euler
sweep:
  d:
  - 2
  - 4
  - 8
  - 16
  - 32
  - 64
  K:
  - 2
  - 4
  - 8
  - 16
  - 32
  anchors:
  - 2000
  - 10000
  - 50000
classifier:
  _shared:
    hidden: 256
    depth: 4
    degree: 3
    epochs: 30
    batch: 2048
    lr: 0.003
    weight_decay: 0.0001
    min_steps: 3000
    ensemble: 3
    k: 10
    bandwidth: 1.0
    temperature: 0.1
    threshold: auto
    confidence: entropy
  primary: polar3
  models:
  - name: knn
    arch: knn
  - name: altered_knn
    arch: altered_knn
  - name: polar3
    arch: polar
    degree: 3
stages:
- train
device: cuda
seed: 0
run_id: 2026-09-19_04-50-15
data:
  sigma: 0.1
  radius: 2.0
  m_mult: 1.5
  mass_q: 0.99
train:
  force_retrain: true
  base_steps: 3000
  lr: 0.001
  batch: 512
  probe_n: 10000
  hall_target: 0.03
  step_growth: 1.7
  max_attempts: 6
eval:
  n_eval: 20000
anchors:
  seed: 0
  shell_frac: 0.5
  shell_sigma: 2.0
  n_calibrate: 5000
  altered_knn:
    n_rings: 5
    r_max: 1.5
    weight: linear
    w_min: 0.2
paths:
  root: ${oc.env:ATLAS_ROOT,${oc.env:PWD}}
  data: ${paths.root}/data
  output: ${paths.root}/output

======================================================================

>>> STAGE: train
----------------------------------------
[train:flow] d= 2 K= 2 -> trained hall=0.0123 steps=3796 9.5s
[train:flow] d= 2 K= 4 -> trained hall=0.0143 steps=20721 93.8s
[train:flow] d= 2 K= 8 -> trained hall=0.0284 steps=14628 60.1s
[train:flow] d= 2 K=16 -> skipped
[train:flow] d= 2 K=32 -> skipped
[train:flow] d= 4 K= 2 -> trained hall=0.0277 steps=4218 8.9s
[train:flow] d= 4 K= 4 -> trained hall=0.0225 steps=13543 55.2s
[train:flow] d= 4 K= 8 -> trained hall=0.0171 steps=27633 124.6s
[train:flow] d= 4 K=16 -> trained hall=0.0253 steps=36847 165.3s
[train:flow] d= 4 K=32 -> not_converged hall=0.0314 steps=159730 780.1s  ** above hall_target=0.03 **
[train:flow] d= 8 K= 2 -> trained hall=0.0222 steps=5062 10.8s
[train:flow] d= 8 K= 4 -> trained hall=0.0207 steps=16255 66.3s
[train:flow] d= 8 K= 8 -> trained hall=0.0250 steps=33161 149.3s
[train:flow] d= 8 K=16 -> trained hall=0.0286 steps=75168 356.6s
[train:flow] d= 8 K=32 -> trained hall=0.0249 steps=191678 941.4s
[train:flow] d=16 K= 2 -> trained hall=0.0238 steps=11475 39.0s
[train:flow] d=16 K= 4 -> trained hall=0.0260 steps=36847 167.5s
[train:flow] d=16 K= 8 -> trained hall=0.0284 steps=44217 200.3s
[train:flow] d=16 K=16 -> trained hall=0.0212 steps=100225 480.3s
[train:flow] d=16 K=32 -> trained hall=0.0283 steps=150337 720.9s
[train:flow] d=32 K= 2 -> trained hall=0.0237 steps=29260 120.4s
[train:flow] d=32 K= 4 -> trained hall=0.0266 steps=32512 134.5s
[train:flow] d=32 K= 8 -> trained hall=0.0300 steps=66325 300.9s
[train:flow] d=32 K=16 -> trained hall=0.0284 steps=88434 400.3s
[train:flow] d=32 K=32 -> trained hall=0.0282 steps=383360 1960.2s
[train:flow] d=64 K= 2 -> trained hall=0.0234 steps=48767 199.3s
[train:flow] d=64 K= 4 -> trained hall=0.0188 steps=156598 745.2s
[train:flow] d=64 K= 8 -> trained hall=0.0205 steps=110542 498.1s
[train:flow] d=64 K=16 -> trained hall=0.0298 steps=250563 1186.5s
[train:flow] d=64 K=32 -> trained hall=0.0184 steps=375844 1772.9s
[train:flow] manifest written: /home/pmehrotra3/workspace/test_run/iclr_code/data/flow/manifest.json
[train:flow] WARNING: 1 cell(s) did not reach hall_target; their results reflect training error, not sampler geometry

All requested stages complete.
