======================================================================
process:
  T_train: 500
  T_true: 500
  name: ddim
  beta_min: 0.0001
  beta_max: 0.02
  true_order: heun
data:
  mass_q: 0.99
  weighted: false
  name: gmm
  sigma: 0.1
  radius: 2.0
  m_mult: 1.5
sweep:
  d:
  - 2
  - 4
  - 8
  - 16
  - 32
  - 64
  K:
  - 2
  - 4
  - 8
  - 16
  anchors:
  - 20000
  - 50000
  - 100000
train:
  force_retrain: false
  base_steps: 30000
  lr: 0.001
  lr_min: 1.0e-05
  grad_clip: 1.0
  ema_decay: 0.999
  ema_warmup: 1000
  batch: 512
  n_train: 100000
  cuda_graph: true
  graph_streams: true
  probe_n: 10000
  hall_target: 0.015
  step_growth: 1.7
  max_attempts: 2
eval:
  n_eval_per_mode: 20000
  n_eval: null
anchors:
  seed: 0
  shell_frac: 0.5
  shell_sigma: 2.0
  n_calibrate: 5000
  altered_knn:
    n_rings: 5
    r_max: 1.5
    weight: linear
    w_min: 0.2
classifier:
  _shared:
    hidden: 256
    depth: 4
    degree: 3
    epochs: 30
    batch: 2048
    lr: 0.003
    weight_decay: 0.0001
    min_steps: 3000
    ensemble: 3
    k: 10
    bandwidth: 1.0
    temperature: 0.1
    threshold: auto
    confidence: entropy
  models:
    knn:
      name: knn
      arch: knn
    altered_knn:
      name: altered_knn
      arch: altered_knn
    quadratic:
      name: quadratic
      arch: quadratic
    polar8:
      name: polar8
      arch: polar
      degree: 8
stages:
- evaluate
- visualize
device: cuda
seed: 0
n_seeds: 3
run_id: 2026-09-20_18-19-21
paths:
  root: ${oc.env:ATLAS_ROOT,${oc.env:PWD}}
  data: ${paths.root}/data
  output: ${paths.root}/output

======================================================================

>>> STAGE: evaluate
----------------------------------------
[eval:ddim] d= 2 K= 2 seeds=3 hall_gt=0.010+-0.001 | knn: full=0.996+-0.001 modeF1=0.998+-0.001 hallF1=0.832+-0.006 @ 300000 anchors
[eval:ddim] d= 2 K= 4 seeds=3 hall_gt=0.011+-0.001 | knn: full=0.991+-0.001 modeF1=0.994+-0.001 hallF1=0.660+-0.015 @ 600000 anchors
[eval:ddim] d= 2 K= 8 seeds=3 hall_gt=0.012+-0.001 | knn: full=0.983+-0.004 modeF1=0.988+-0.003 hallF1=0.497+-0.060 @ 1200000 anchors
[eval:ddim] d= 2 K=16 seed=0    -> no checkpoint, skipped
[eval:ddim] d= 2 K=16 seed=100  -> no checkpoint, skipped
[eval:ddim] d= 2 K=16 seed=200  -> no checkpoint, skipped
[eval:ddim] d= 4 K= 2 seeds=3 hall_gt=0.009+-0.000 | knn: full=0.970+-0.001 modeF1=0.973+-0.001 hallF1=0.655+-0.003 @ 300000 anchors
[eval:ddim] d= 4 K= 4 seeds=3 hall_gt=0.011+-0.000 | knn: full=0.942+-0.006 modeF1=0.947+-0.007 hallF1=0.476+-0.029 @ 600000 anchors
[eval:ddim] d= 4 K= 8 seeds=3 hall_gt=0.011+-0.000 | knn: full=0.927+-0.005 modeF1=0.936+-0.005 hallF1=0.337+-0.017 @ 1200000 anchors
[eval:ddim] d= 4 K=16 seeds=3 hall_gt=0.013+-0.001 | knn: full=0.919+-0.003 modeF1=0.931+-0.003 hallF1=0.320+-0.004 @ 2400000 anchors
[eval:ddim] d= 8 K= 2 seeds=3 hall_gt=0.011+-0.001 | knn: full=0.875+-0.001 modeF1=0.879+-0.001 hallF1=0.231+-0.034 @ 300000 anchors
[eval:ddim] d= 8 K= 4 seeds=3 hall_gt=0.011+-0.000 | knn: full=0.783+-0.008 modeF1=0.787+-0.007 hallF1=0.308+-0.019 @ 600000 anchors
[eval:ddim] d= 8 K= 8 seeds=3 hall_gt=0.012+-0.000 | knn: full=0.722+-0.003 modeF1=0.728+-0.003 hallF1=0.242+-0.003 @ 1200000 anchors
[eval:ddim] d= 8 K=16 seeds=3 hall_gt=0.013+-0.000 | knn: full=0.665+-0.003 modeF1=0.676+-0.003 hallF1=0.184+-0.003 @ 2400000 anchors
[eval:ddim] d=16 K= 2 seeds=3 hall_gt=0.011+-0.000 | knn: full=0.810+-0.001 modeF1=0.815+-0.001 hallF1=0.022+-0.011 @ 300000 anchors
[eval:ddim] d=16 K= 4 seeds=3 hall_gt=0.010+-0.000 | knn: full=0.673+-0.003 modeF1=0.677+-0.003 hallF1=0.067+-0.007 @ 600000 anchors
[eval:ddim] d=16 K= 8 seeds=3 hall_gt=0.011+-0.000 | knn: full=0.562+-0.003 modeF1=0.565+-0.003 hallF1=0.107+-0.008 @ 1200000 anchors
[eval:ddim] d=16 K=16 seeds=3 hall_gt=0.012+-0.000 | knn: full=0.481+-0.004 modeF1=0.485+-0.004 hallF1=0.114+-0.002 @ 2400000 anchors
[eval:ddim] d=32 K= 2 seeds=3 hall_gt=0.010+-0.000 | knn: full=0.783+-0.001 modeF1=0.787+-0.001 hallF1=0.005+-0.004 @ 300000 anchors
[eval:ddim] d=32 K= 4 seeds=3 hall_gt=0.010+-0.000 | knn: full=0.618+-0.002 modeF1=0.621+-0.002 hallF1=0.022+-0.003 @ 600000 anchors
[eval:ddim] d=32 K= 8 seeds=3 hall_gt=0.011+-0.000 | knn: full=0.486+-0.003 modeF1=0.489+-0.003 hallF1=0.046+-0.008 @ 1200000 anchors
[eval:ddim] d=32 K=16 seeds=3 hall_gt=0.012+-0.000 | knn: full=0.383+-0.003 modeF1=0.385+-0.003 hallF1=0.054+-0.002 @ 2400000 anchors
[eval:ddim] d=64 K= 2 seeds=3 hall_gt=0.010+-0.001 | knn: full=0.753+-0.002 modeF1=0.756+-0.002 hallF1=0.003+-0.005 @ 300000 anchors
[eval:ddim] d=64 K= 4 seeds=3 hall_gt=0.011+-0.001 | knn: full=0.572+-0.003 modeF1=0.574+-0.002 hallF1=0.009+-0.002 @ 600000 anchors
[eval:ddim] d=64 K= 8 seeds=3 hall_gt=0.011+-0.001 | knn: full=0.428+-0.003 modeF1=0.430+-0.002 hallF1=0.024+-0.004 @ 1200000 anchors
[eval:ddim] d=64 K=16 seeds=3 hall_gt=0.012+-0.000 | knn: full=0.319+-0.003 modeF1=0.320+-0.002 hallF1=0.032+-0.002 @ 2400000 anchors
[eval:ddim] wrote /home/pmehrotra3/iclr_code/output/2026-09-20_18-19-21/ddim/unweighted/T500/results.json, /home/pmehrotra3/iclr_code/output/2026-09-20_18-19-21/ddim/unweighted/T500/results.csv (mean +- std over 3 seeds) and /home/pmehrotra3/iclr_code/output/2026-09-20_18-19-21/ddim/unweighted/T500/results_per_seed.csv

>>> STAGE: visualize
----------------------------------------
[viz] wrote /home/pmehrotra3/iclr_code/output/2026-09-20_18-19-21/ddim/unweighted/T500/table.tex
[viz] wrote /home/pmehrotra3/iclr_code/output/2026-09-20_18-19-21/ddim/unweighted/T500/table.png
[viz] wrote /home/pmehrotra3/iclr_code/output/2026-09-20_18-19-21/ddim/unweighted/T500/knn.png
[viz] wrote /home/pmehrotra3/iclr_code/output/2026-09-20_18-19-21/ddim/unweighted/T500/altered_knn.png
[viz] wrote /home/pmehrotra3/iclr_code/output/2026-09-20_18-19-21/ddim/unweighted/T500/quadratic.png
[viz] wrote /home/pmehrotra3/iclr_code/output/2026-09-20_18-19-21/ddim/unweighted/T500/quadratic_cal.png
[viz] wrote /home/pmehrotra3/iclr_code/output/2026-09-20_18-19-21/ddim/unweighted/T500/polar8.png
[viz] wrote /home/pmehrotra3/iclr_code/output/2026-09-20_18-19-21/ddim/unweighted/T500/polar8_cal.png
[viz] wrote /home/pmehrotra3/iclr_code/output/2026-09-20_18-19-21/ddim/unweighted/T500/anchors_20000/knn.png
[viz] wrote /home/pmehrotra3/iclr_code/output/2026-09-20_18-19-21/ddim/unweighted/T500/anchors_20000/altered_knn.png
[viz] wrote /home/pmehrotra3/iclr_code/output/2026-09-20_18-19-21/ddim/unweighted/T500/anchors_20000/quadratic.png
[viz] wrote /home/pmehrotra3/iclr_code/output/2026-09-20_18-19-21/ddim/unweighted/T500/anchors_20000/quadratic_cal.png
[viz] wrote /home/pmehrotra3/iclr_code/output/2026-09-20_18-19-21/ddim/unweighted/T500/anchors_20000/polar8.png
[viz] wrote /home/pmehrotra3/iclr_code/output/2026-09-20_18-19-21/ddim/unweighted/T500/anchors_20000/polar8_cal.png
[viz] wrote /home/pmehrotra3/iclr_code/output/2026-09-20_18-19-21/ddim/unweighted/T500/anchors_50000/knn.png
[viz] wrote /home/pmehrotra3/iclr_code/output/2026-09-20_18-19-21/ddim/unweighted/T500/anchors_50000/altered_knn.png
[viz] wrote /home/pmehrotra3/iclr_code/output/2026-09-20_18-19-21/ddim/unweighted/T500/anchors_50000/quadratic.png
[viz] wrote /home/pmehrotra3/iclr_code/output/2026-09-20_18-19-21/ddim/unweighted/T500/anchors_50000/quadratic_cal.png
[viz] wrote /home/pmehrotra3/iclr_code/output/2026-09-20_18-19-21/ddim/unweighted/T500/anchors_50000/polar8.png
[viz] wrote /home/pmehrotra3/iclr_code/output/2026-09-20_18-19-21/ddim/unweighted/T500/anchors_50000/polar8_cal.png
[viz] wrote /home/pmehrotra3/iclr_code/output/2026-09-20_18-19-21/ddim/unweighted/T500/anchors_100000/knn.png
[viz] wrote /home/pmehrotra3/iclr_code/output/2026-09-20_18-19-21/ddim/unweighted/T500/anchors_100000/altered_knn.png
[viz] wrote /home/pmehrotra3/iclr_code/output/2026-09-20_18-19-21/ddim/unweighted/T500/anchors_100000/quadratic.png
[viz] wrote /home/pmehrotra3/iclr_code/output/2026-09-20_18-19-21/ddim/unweighted/T500/anchors_100000/quadratic_cal.png
[viz] wrote /home/pmehrotra3/iclr_code/output/2026-09-20_18-19-21/ddim/unweighted/T500/anchors_100000/polar8.png
[viz] wrote /home/pmehrotra3/iclr_code/output/2026-09-20_18-19-21/ddim/unweighted/T500/anchors_100000/polar8_cal.png

All requested stages complete.
