/home/pmehrotra3/workspace/test_run/iclr_code/code/evaluate.py:31: FutureWarning: You are using `torch.load` with `weights_only=False` (the current default value), which uses the default pickle module implicitly. It is possible to construct malicious pickle data which will execute arbitrary code during unpickling (See https://github.com/pytorch/pytorch/blob/main/SECURITY.md#untrusted-models for more details). In a future release, the default value for `weights_only` will be flipped to `True`. This limits the functions that could be executed during unpickling. Arbitrary objects will no longer be allowed to be loaded via this mode unless they are explicitly allowlisted by the user via `torch.serialization.add_safe_globals`. We recommend you start setting `weights_only=True` for any use case where you don't have full control of the loaded file. Please open an issue on GitHub for any issues related to this experimental feature.
  ck = torch.load(path, map_location=device)
/home/pmehrotra3/workspace/test_run/iclr_code/code/evaluate.py:31: FutureWarning: You are using `torch.load` with `weights_only=False` (the current default value), which uses the default pickle module implicitly. It is possible to construct malicious pickle data which will execute arbitrary code during unpickling (See https://github.com/pytorch/pytorch/blob/main/SECURITY.md#untrusted-models for more details). In a future release, the default value for `weights_only` will be flipped to `True`. This limits the functions that could be executed during unpickling. Arbitrary objects will no longer be allowed to be loaded via this mode unless they are explicitly allowlisted by the user via `torch.serialization.add_safe_globals`. We recommend you start setting `weights_only=True` for any use case where you don't have full control of the loaded file. Please open an issue on GitHub for any issues related to this experimental feature.
  ck = torch.load(path, map_location=device)
======================================================================
process:
  name: ddim
  T_train: 150
  T_true: 200
  beta_min: 0.0001
  beta_max: 0.02
sweep:
  d:
  - 2
  - 4
  - 8
  - 16
  - 32
  - 64
  K:
  - 2
  - 4
  - 8
  - 16
  - 32
  anchors:
  - 2000
  - 5000
  - 10000
  - 20000
  - 50000
  - 100000
classifier:
  _shared:
    hidden: 256
    depth: 4
    degree: 3
    epochs: 30
    batch: 2048
    lr: 0.003
    weight_decay: 0.0001
    min_steps: 3000
    ensemble: 3
    k: 10
    bandwidth: 1.0
    temperature: 0.1
    threshold: auto
    confidence: entropy
  primary: polar3
  models:
  - name: knn
    arch: knn
  - name: altered_knn
    arch: altered_knn
  - name: polar3
    arch: polar
    degree: 3
stages:
- evaluate
- visualize
device: cuda
seed: 0
run_id: 2026-09-19_04-50-15
data:
  sigma: 0.1
  radius: 2.0
  m_mult: 1.5
  mass_q: 0.99
train:
  force_retrain: false
  base_steps: 3000
  lr: 0.001
  batch: 512
  probe_n: 10000
  hall_target: 0.03
  step_growth: 1.7
  max_attempts: 6
eval:
  n_eval: 20000
anchors:
  seed: 0
  shell_frac: 0.5
  shell_sigma: 2.0
  n_calibrate: 5000
  altered_knn:
    n_rings: 5
    r_max: 1.5
    weight: linear
    w_min: 0.2
paths:
  root: ${oc.env:ATLAS_ROOT,${oc.env:PWD}}
  data: ${paths.root}/data
  output: ${paths.root}/output

======================================================================

>>> STAGE: evaluate
----------------------------------------
[eval:ddim] d= 2 K= 2 hall_gt=0.053 | polar3: full=0.978 modeF1=0.988 hallF1=0.759 @ 30000 anchors
[eval:ddim] d= 2 K= 4 hall_gt=0.035 | polar3: full=0.942 modeF1=0.953 hallF1=0.524 @ 600000 anchors
[eval:ddim] d= 2 K= 8 hall_gt=0.027 | polar3: full=0.915 modeF1=0.934 hallF1=0.247 @ 1200000 anchors
[eval:ddim] d= 2 K=16 -> no checkpoint, skipped
[eval:ddim] d= 2 K=32 -> no checkpoint, skipped
[eval:ddim] d= 4 K= 2 hall_gt=0.112 | polar3: full=0.933 modeF1=0.962 hallF1=0.597 @ 300000 anchors
[eval:ddim] d= 4 K= 4 hall_gt=0.090 | polar3: full=0.911 modeF1=0.934 hallF1=0.529 @ 60000 anchors
[eval:ddim] d= 4 K= 8 hall_gt=0.027 | polar3: full=0.909 modeF1=0.923 hallF1=0.356 @ 1200000 anchors
[eval:ddim] d= 4 K=16 hall_gt=0.032 | polar3: full=0.899 modeF1=0.917 hallF1=0.285 @ 1200000 anchors
[eval:ddim] d= 4 K=32 hall_gt=0.031 | polar3: full=0.886 modeF1=0.905 hallF1=0.258 @ 4800000 anchors
[eval:ddim] d= 8 K= 2 hall_gt=0.200 | polar3: full=0.879 modeF1=0.924 hallF1=0.608 @ 300000 anchors
[eval:ddim] d= 8 K= 4 hall_gt=0.069 | polar3: full=0.937 modeF1=0.953 hallF1=0.661 @ 12000 anchors
[eval:ddim] d= 8 K= 8 hall_gt=0.034 | polar3: full=0.935 modeF1=0.945 hallF1=0.592 @ 1200000 anchors
[eval:ddim] d= 8 K=16 hall_gt=0.039 | polar3: full=0.915 modeF1=0.926 hallF1=0.434 @ 2400000 anchors
[eval:ddim] d= 8 K=32 hall_gt=0.030 | polar3: full=0.892 modeF1=0.904 hallF1=0.400 @ 4800000 anchors
[eval:ddim] d=16 K= 2 hall_gt=0.204 | polar3: full=0.885 modeF1=0.927 hallF1=0.653 @ 300000 anchors
[eval:ddim] d=16 K= 4 hall_gt=0.118 | polar3: full=0.907 modeF1=0.936 hallF1=0.596 @ 60000 anchors
[eval:ddim] d=16 K= 8 hall_gt=0.081 | polar3: full=0.918 modeF1=0.940 hallF1=0.575 @ 600000 anchors
[eval:ddim] d=16 K=16 hall_gt=0.062 | polar3: full=0.892 modeF1=0.907 hallF1=0.519 @ 1200000 anchors
[eval:ddim] d=16 K=32 hall_gt=0.043 | polar3: full=0.888 modeF1=0.900 hallF1=0.502 @ 2400000 anchors
[eval:ddim] d=32 K= 2 hall_gt=0.454 | polar3: full=0.727 modeF1=0.785 hallF1=0.605 @ 300000 anchors
[eval:ddim] d=32 K= 4 hall_gt=0.417 | polar3: full=0.683 modeF1=0.767 hallF1=0.445 @ 600000 anchors
[eval:ddim] d=32 K= 8 hall_gt=0.272 | polar3: full=0.725 modeF1=0.781 hallF1=0.449 @ 1200000 anchors
[eval:ddim] d=32 K=16 hall_gt=0.208 | polar3: full=0.772 modeF1=0.823 hallF1=0.422 @ 2400000 anchors
[eval:ddim] d=32 K=32 hall_gt=0.154 | polar3: full=0.777 modeF1=0.814 hallF1=0.411 @ 4800000 anchors
[eval:ddim] d=64 K= 2 hall_gt=0.881 | polar3: full=0.545 modeF1=0.344 hallF1=0.652 @ 60000 anchors
[eval:ddim] d=64 K= 4 hall_gt=0.858 | polar3: full=0.473 modeF1=0.338 hallF1=0.558 @ 60000 anchors
[eval:ddim] d=64 K= 8 hall_gt=0.829 | polar3: full=0.416 modeF1=0.365 hallF1=0.456 @ 120000 anchors
[eval:ddim] d=64 K=16 hall_gt=0.818 | polar3: full=0.354 modeF1=0.335 hallF1=0.360 @ 2400000 anchors
[eval:ddim] d=64 K=32 hall_gt=0.781 | polar3: full=0.335 modeF1=0.372 hallF1=0.289 @ 4800000 anchors
[eval:ddim] wrote /home/pmehrotra3/workspace/test_run/iclr_code/output/2026-09-19_04-50-15/ddim/T200/results.json and /home/pmehrotra3/workspace/test_run/iclr_code/output/2026-09-19_04-50-15/ddim/T200/results.csv

>>> STAGE: visualize
----------------------------------------
[viz] wrote /home/pmehrotra3/workspace/test_run/iclr_code/output/2026-09-19_04-50-15/ddim/T200/table.tex
[viz] wrote /home/pmehrotra3/workspace/test_run/iclr_code/output/2026-09-19_04-50-15/ddim/T200/table.png
[viz] wrote /home/pmehrotra3/workspace/test_run/iclr_code/output/2026-09-19_04-50-15/ddim/T200/knn.png
[viz] wrote /home/pmehrotra3/workspace/test_run/iclr_code/output/2026-09-19_04-50-15/ddim/T200/altered_knn.png
[viz] wrote /home/pmehrotra3/workspace/test_run/iclr_code/output/2026-09-19_04-50-15/ddim/T200/polar3.png
[viz] wrote /home/pmehrotra3/workspace/test_run/iclr_code/output/2026-09-19_04-50-15/ddim/T200/anchors_2000/knn.png
[viz] wrote /home/pmehrotra3/workspace/test_run/iclr_code/output/2026-09-19_04-50-15/ddim/T200/anchors_2000/altered_knn.png
[viz] wrote /home/pmehrotra3/workspace/test_run/iclr_code/output/2026-09-19_04-50-15/ddim/T200/anchors_2000/polar3.png
[viz] wrote /home/pmehrotra3/workspace/test_run/iclr_code/output/2026-09-19_04-50-15/ddim/T200/anchors_5000/knn.png
[viz] wrote /home/pmehrotra3/workspace/test_run/iclr_code/output/2026-09-19_04-50-15/ddim/T200/anchors_5000/altered_knn.png
[viz] wrote /home/pmehrotra3/workspace/test_run/iclr_code/output/2026-09-19_04-50-15/ddim/T200/anchors_5000/polar3.png
[viz] wrote /home/pmehrotra3/workspace/test_run/iclr_code/output/2026-09-19_04-50-15/ddim/T200/anchors_10000/knn.png
[viz] wrote /home/pmehrotra3/workspace/test_run/iclr_code/output/2026-09-19_04-50-15/ddim/T200/anchors_10000/altered_knn.png
[viz] wrote /home/pmehrotra3/workspace/test_run/iclr_code/output/2026-09-19_04-50-15/ddim/T200/anchors_10000/polar3.png
[viz] wrote /home/pmehrotra3/workspace/test_run/iclr_code/output/2026-09-19_04-50-15/ddim/T200/anchors_20000/knn.png
[viz] wrote /home/pmehrotra3/workspace/test_run/iclr_code/output/2026-09-19_04-50-15/ddim/T200/anchors_20000/altered_knn.png
[viz] wrote /home/pmehrotra3/workspace/test_run/iclr_code/output/2026-09-19_04-50-15/ddim/T200/anchors_20000/polar3.png
[viz] wrote /home/pmehrotra3/workspace/test_run/iclr_code/output/2026-09-19_04-50-15/ddim/T200/anchors_50000/knn.png
[viz] wrote /home/pmehrotra3/workspace/test_run/iclr_code/output/2026-09-19_04-50-15/ddim/T200/anchors_50000/altered_knn.png
[viz] wrote /home/pmehrotra3/workspace/test_run/iclr_code/output/2026-09-19_04-50-15/ddim/T200/anchors_50000/polar3.png
[viz] wrote /home/pmehrotra3/workspace/test_run/iclr_code/output/2026-09-19_04-50-15/ddim/T200/anchors_100000/knn.png
[viz] wrote /home/pmehrotra3/workspace/test_run/iclr_code/output/2026-09-19_04-50-15/ddim/T200/anchors_100000/altered_knn.png
[viz] wrote /home/pmehrotra3/workspace/test_run/iclr_code/output/2026-09-19_04-50-15/ddim/T200/anchors_100000/polar3.png

All requested stages complete.
