/home/pmehrotra3/workspace/test_run/iclr_code/code/evaluate.py:31: FutureWarning: You are using `torch.load` with `weights_only=False` (the current default value), which uses the default pickle module implicitly. It is possible to construct malicious pickle data which will execute arbitrary code during unpickling (See https://github.com/pytorch/pytorch/blob/main/SECURITY.md#untrusted-models for more details). In a future release, the default value for `weights_only` will be flipped to `True`. This limits the functions that could be executed during unpickling. Arbitrary objects will no longer be allowed to be loaded via this mode unless they are explicitly allowlisted by the user via `torch.serialization.add_safe_globals`. We recommend you start setting `weights_only=True` for any use case where you don't have full control of the loaded file. Please open an issue on GitHub for any issues related to this experimental feature.
  ck = torch.load(path, map_location=device)
/home/pmehrotra3/workspace/test_run/iclr_code/code/evaluate.py:31: FutureWarning: You are using `torch.load` with `weights_only=False` (the current default value), which uses the default pickle module implicitly. It is possible to construct malicious pickle data which will execute arbitrary code during unpickling (See https://github.com/pytorch/pytorch/blob/main/SECURITY.md#untrusted-models for more details). In a future release, the default value for `weights_only` will be flipped to `True`. This limits the functions that could be executed during unpickling. Arbitrary objects will no longer be allowed to be loaded via this mode unless they are explicitly allowlisted by the user via `torch.serialization.add_safe_globals`. We recommend you start setting `weights_only=True` for any use case where you don't have full control of the loaded file. Please open an issue on GitHub for any issues related to this experimental feature.
  ck = torch.load(path, map_location=device)
======================================================================
process:
  name: flow
  T_train: 150
  T_true: 100
  sigma_min: 0.0001
  solver: euler
sweep:
  d:
  - 2
  - 4
  - 8
  - 16
  - 32
  - 64
  K:
  - 2
  - 4
  - 8
  - 16
  - 32
  anchors:
  - 2000
  - 5000
  - 10000
  - 20000
  - 50000
  - 100000
classifier:
  _shared:
    hidden: 256
    depth: 4
    degree: 3
    epochs: 30
    batch: 2048
    lr: 0.003
    weight_decay: 0.0001
    min_steps: 3000
    ensemble: 3
    k: 10
    bandwidth: 1.0
    temperature: 0.1
    threshold: auto
    confidence: entropy
  primary: polar3
  models:
  - name: knn
    arch: knn
  - name: altered_knn
    arch: altered_knn
  - name: polar3
    arch: polar
    degree: 3
stages:
- evaluate
- visualize
device: cuda
seed: 0
run_id: 2026-09-19_04-50-15
data:
  sigma: 0.1
  radius: 2.0
  m_mult: 1.5
  mass_q: 0.99
train:
  force_retrain: false
  base_steps: 3000
  lr: 0.001
  batch: 512
  probe_n: 10000
  hall_target: 0.03
  step_growth: 1.7
  max_attempts: 6
eval:
  n_eval: 20000
anchors:
  seed: 0
  shell_frac: 0.5
  shell_sigma: 2.0
  n_calibrate: 5000
  altered_knn:
    n_rings: 5
    r_max: 1.5
    weight: linear
    w_min: 0.2
paths:
  root: ${oc.env:ATLAS_ROOT,${oc.env:PWD}}
  data: ${paths.root}/data
  output: ${paths.root}/output

======================================================================

>>> STAGE: evaluate
----------------------------------------
[eval:flow] d= 2 K= 2 hall_gt=0.014 | polar3: full=0.983 modeF1=0.990 hallF1=0.496 @ 15000 anchors
[eval:flow] d= 2 K= 4 hall_gt=0.015 | polar3: full=0.955 modeF1=0.966 hallF1=0.378 @ 600000 anchors
[eval:flow] d= 2 K= 8 hall_gt=0.027 | polar3: full=0.884 modeF1=0.900 hallF1=0.241 @ 1200000 anchors
[eval:flow] d= 2 K=16 -> no checkpoint, skipped
[eval:flow] d= 2 K=32 -> no checkpoint, skipped
[eval:flow] d= 4 K= 2 hall_gt=0.026 | polar3: full=0.974 modeF1=0.981 hallF1=0.643 @ 300000 anchors
[eval:flow] d= 4 K= 4 hall_gt=0.020 | polar3: full=0.906 modeF1=0.914 hallF1=0.490 @ 600000 anchors
[eval:flow] d= 4 K= 8 hall_gt=0.015 | polar3: full=0.937 modeF1=0.949 hallF1=0.356 @ 600000 anchors
[eval:flow] d= 4 K=16 hall_gt=0.027 | polar3: full=0.896 modeF1=0.913 hallF1=0.256 @ 2400000 anchors
[eval:flow] d= 4 K=32 hall_gt=0.032 | polar3: full=0.892 modeF1=0.911 hallF1=0.297 @ 4800000 anchors
[eval:flow] d= 8 K= 2 hall_gt=0.020 | polar3: full=0.965 modeF1=0.972 hallF1=0.579 @ 300000 anchors
[eval:flow] d= 8 K= 4 hall_gt=0.019 | polar3: full=0.948 modeF1=0.954 hallF1=0.615 @ 300000 anchors
[eval:flow] d= 8 K= 8 hall_gt=0.026 | polar3: full=0.921 modeF1=0.931 hallF1=0.467 @ 240000 anchors
[eval:flow] d= 8 K=16 hall_gt=0.030 | polar3: full=0.913 modeF1=0.924 hallF1=0.439 @ 1200000 anchors
[eval:flow] d= 8 K=32 hall_gt=0.025 | polar3: full=0.900 modeF1=0.911 hallF1=0.395 @ 4800000 anchors
[eval:flow] d=16 K= 2 hall_gt=0.024 | polar3: full=0.959 modeF1=0.968 hallF1=0.604 @ 30000 anchors
[eval:flow] d=16 K= 4 hall_gt=0.027 | polar3: full=0.942 modeF1=0.951 hallF1=0.576 @ 300000 anchors
[eval:flow] d=16 K= 8 hall_gt=0.028 | polar3: full=0.920 modeF1=0.927 hallF1=0.601 @ 1200000 anchors
[eval:flow] d=16 K=16 hall_gt=0.021 | polar3: full=0.913 modeF1=0.920 hallF1=0.587 @ 2400000 anchors
[eval:flow] d=16 K=32 hall_gt=0.029 | polar3: full=0.869 modeF1=0.878 hallF1=0.465 @ 4800000 anchors
[eval:flow] d=32 K= 2 hall_gt=0.022 | polar3: full=0.955 modeF1=0.963 hallF1=0.647 @ 300000 anchors
[eval:flow] d=32 K= 4 hall_gt=0.025 | polar3: full=0.939 modeF1=0.946 hallF1=0.651 @ 120000 anchors
[eval:flow] d=32 K= 8 hall_gt=0.032 | polar3: full=0.905 modeF1=0.913 hallF1=0.590 @ 240000 anchors
[eval:flow] d=32 K=16 hall_gt=0.027 | polar3: full=0.898 modeF1=0.906 hallF1=0.565 @ 2400000 anchors
[eval:flow] d=32 K=32 hall_gt=0.028 | polar3: full=0.889 modeF1=0.897 hallF1=0.569 @ 4800000 anchors
[eval:flow] d=64 K= 2 hall_gt=0.021 | polar3: full=0.949 modeF1=0.962 hallF1=0.513 @ 150000 anchors
[eval:flow] d=64 K= 4 hall_gt=0.017 | polar3: full=0.935 modeF1=0.946 hallF1=0.487 @ 300000 anchors
[eval:flow] d=64 K= 8 hall_gt=0.015 | polar3: full=0.914 modeF1=0.924 hallF1=0.456 @ 600000 anchors
[eval:flow] d=64 K=16 hall_gt=0.026 | polar3: full=0.899 modeF1=0.908 hallF1=0.578 @ 480000 anchors
[eval:flow] d=64 K=32 hall_gt=0.018 | polar3: full=0.884 modeF1=0.894 hallF1=0.478 @ 4800000 anchors
[eval:flow] wrote /home/pmehrotra3/workspace/test_run/iclr_code/output/2026-09-19_04-50-15/flow/T100/results.json and /home/pmehrotra3/workspace/test_run/iclr_code/output/2026-09-19_04-50-15/flow/T100/results.csv

>>> STAGE: visualize
----------------------------------------
[viz] wrote /home/pmehrotra3/workspace/test_run/iclr_code/output/2026-09-19_04-50-15/flow/T100/table.tex
[viz] wrote /home/pmehrotra3/workspace/test_run/iclr_code/output/2026-09-19_04-50-15/flow/T100/table.png
[viz] wrote /home/pmehrotra3/workspace/test_run/iclr_code/output/2026-09-19_04-50-15/flow/T100/knn.png
[viz] wrote /home/pmehrotra3/workspace/test_run/iclr_code/output/2026-09-19_04-50-15/flow/T100/altered_knn.png
[viz] wrote /home/pmehrotra3/workspace/test_run/iclr_code/output/2026-09-19_04-50-15/flow/T100/polar3.png
[viz] wrote /home/pmehrotra3/workspace/test_run/iclr_code/output/2026-09-19_04-50-15/flow/T100/anchors_2000/knn.png
[viz] wrote /home/pmehrotra3/workspace/test_run/iclr_code/output/2026-09-19_04-50-15/flow/T100/anchors_2000/altered_knn.png
[viz] wrote /home/pmehrotra3/workspace/test_run/iclr_code/output/2026-09-19_04-50-15/flow/T100/anchors_2000/polar3.png
[viz] wrote /home/pmehrotra3/workspace/test_run/iclr_code/output/2026-09-19_04-50-15/flow/T100/anchors_5000/knn.png
[viz] wrote /home/pmehrotra3/workspace/test_run/iclr_code/output/2026-09-19_04-50-15/flow/T100/anchors_5000/altered_knn.png
[viz] wrote /home/pmehrotra3/workspace/test_run/iclr_code/output/2026-09-19_04-50-15/flow/T100/anchors_5000/polar3.png
[viz] wrote /home/pmehrotra3/workspace/test_run/iclr_code/output/2026-09-19_04-50-15/flow/T100/anchors_10000/knn.png
[viz] wrote /home/pmehrotra3/workspace/test_run/iclr_code/output/2026-09-19_04-50-15/flow/T100/anchors_10000/altered_knn.png
[viz] wrote /home/pmehrotra3/workspace/test_run/iclr_code/output/2026-09-19_04-50-15/flow/T100/anchors_10000/polar3.png
[viz] wrote /home/pmehrotra3/workspace/test_run/iclr_code/output/2026-09-19_04-50-15/flow/T100/anchors_20000/knn.png
[viz] wrote /home/pmehrotra3/workspace/test_run/iclr_code/output/2026-09-19_04-50-15/flow/T100/anchors_20000/altered_knn.png
[viz] wrote /home/pmehrotra3/workspace/test_run/iclr_code/output/2026-09-19_04-50-15/flow/T100/anchors_20000/polar3.png
[viz] wrote /home/pmehrotra3/workspace/test_run/iclr_code/output/2026-09-19_04-50-15/flow/T100/anchors_50000/knn.png
[viz] wrote /home/pmehrotra3/workspace/test_run/iclr_code/output/2026-09-19_04-50-15/flow/T100/anchors_50000/altered_knn.png
[viz] wrote /home/pmehrotra3/workspace/test_run/iclr_code/output/2026-09-19_04-50-15/flow/T100/anchors_50000/polar3.png
[viz] wrote /home/pmehrotra3/workspace/test_run/iclr_code/output/2026-09-19_04-50-15/flow/T100/anchors_100000/knn.png
[viz] wrote /home/pmehrotra3/workspace/test_run/iclr_code/output/2026-09-19_04-50-15/flow/T100/anchors_100000/altered_knn.png
[viz] wrote /home/pmehrotra3/workspace/test_run/iclr_code/output/2026-09-19_04-50-15/flow/T100/anchors_100000/polar3.png

All requested stages complete.
