/home/pmehrotra3/workspace/test_run/iclr_code/code/evaluate.py:31: FutureWarning: You are using `torch.load` with `weights_only=False` (the current default value), which uses the default pickle module implicitly. It is possible to construct malicious pickle data which will execute arbitrary code during unpickling (See https://github.com/pytorch/pytorch/blob/main/SECURITY.md#untrusted-models for more details). In a future release, the default value for `weights_only` will be flipped to `True`. This limits the functions that could be executed during unpickling. Arbitrary objects will no longer be allowed to be loaded via this mode unless they are explicitly allowlisted by the user via `torch.serialization.add_safe_globals`. We recommend you start setting `weights_only=True` for any use case where you don't have full control of the loaded file. Please open an issue on GitHub for any issues related to this experimental feature.
  ck = torch.load(path, map_location=device)
/home/pmehrotra3/workspace/test_run/iclr_code/code/evaluate.py:31: FutureWarning: You are using `torch.load` with `weights_only=False` (the current default value), which uses the default pickle module implicitly. It is possible to construct malicious pickle data which will execute arbitrary code during unpickling (See https://github.com/pytorch/pytorch/blob/main/SECURITY.md#untrusted-models for more details). In a future release, the default value for `weights_only` will be flipped to `True`. This limits the functions that could be executed during unpickling. Arbitrary objects will no longer be allowed to be loaded via this mode unless they are explicitly allowlisted by the user via `torch.serialization.add_safe_globals`. We recommend you start setting `weights_only=True` for any use case where you don't have full control of the loaded file. Please open an issue on GitHub for any issues related to this experimental feature.
  ck = torch.load(path, map_location=device)
======================================================================
process:
  name: ddim
  T_train: 150
  T_true: 100
  beta_min: 0.0001
  beta_max: 0.02
sweep:
  d:
  - 2
  - 4
  - 8
  - 16
  - 32
  - 64
  K:
  - 2
  - 4
  - 8
  - 16
  - 32
  anchors:
  - 2000
  - 5000
  - 10000
  - 20000
  - 50000
  - 100000
classifier:
  _shared:
    hidden: 256
    depth: 4
    degree: 3
    epochs: 30
    batch: 2048
    lr: 0.003
    weight_decay: 0.0001
    min_steps: 3000
    ensemble: 3
    k: 10
    bandwidth: 1.0
    temperature: 0.1
    threshold: auto
    confidence: entropy
  primary: polar3
  models:
  - name: knn
    arch: knn
  - name: altered_knn
    arch: altered_knn
  - name: polar3
    arch: polar
    degree: 3
stages:
- evaluate
- visualize
device: cuda
seed: 0
run_id: 2026-09-19_04-50-15
data:
  sigma: 0.1
  radius: 2.0
  m_mult: 1.5
  mass_q: 0.99
train:
  force_retrain: false
  base_steps: 3000
  lr: 0.001
  batch: 512
  probe_n: 10000
  hall_target: 0.03
  step_growth: 1.7
  max_attempts: 6
eval:
  n_eval: 20000
anchors:
  seed: 0
  shell_frac: 0.5
  shell_sigma: 2.0
  n_calibrate: 5000
  altered_knn:
    n_rings: 5
    r_max: 1.5
    weight: linear
    w_min: 0.2
paths:
  root: ${oc.env:ATLAS_ROOT,${oc.env:PWD}}
  data: ${paths.root}/data
  output: ${paths.root}/output

======================================================================

>>> STAGE: evaluate
----------------------------------------
[eval:ddim] d= 2 K= 2 hall_gt=0.053 | polar3: full=0.904 modeF1=0.947 hallF1=0.515 @ 150000 anchors
[eval:ddim] d= 2 K= 4 hall_gt=0.035 | polar3: full=0.928 modeF1=0.946 hallF1=0.525 @ 12000 anchors
[eval:ddim] d= 2 K= 8 hall_gt=0.027 | polar3: full=0.920 modeF1=0.940 hallF1=0.208 @ 1200000 anchors
[eval:ddim] d= 2 K=16 -> no checkpoint, skipped
[eval:ddim] d= 2 K=32 -> no checkpoint, skipped
[eval:ddim] d= 4 K= 2 hall_gt=0.112 | polar3: full=0.865 modeF1=0.917 hallF1=0.623 @ 6000 anchors
[eval:ddim] d= 4 K= 4 hall_gt=0.090 | polar3: full=0.856 modeF1=0.883 hallF1=0.627 @ 120000 anchors
[eval:ddim] d= 4 K= 8 hall_gt=0.027 | polar3: full=0.910 modeF1=0.923 hallF1=0.420 @ 1200000 anchors
[eval:ddim] d= 4 K=16 hall_gt=0.032 | polar3: full=0.908 modeF1=0.928 hallF1=0.349 @ 2400000 anchors
[eval:ddim] d= 4 K=32 hall_gt=0.031 | polar3: full=0.887 modeF1=0.905 hallF1=0.313 @ 4800000 anchors
[eval:ddim] d= 8 K= 2 hall_gt=0.200 | polar3: full=0.711 modeF1=0.777 hallF1=0.584 @ 150000 anchors
[eval:ddim] d= 8 K= 4 hall_gt=0.069 | polar3: full=0.802 modeF1=0.874 hallF1=0.422 @ 600000 anchors
[eval:ddim] d= 8 K= 8 hall_gt=0.034 | polar3: full=0.870 modeF1=0.910 hallF1=0.382 @ 1200000 anchors
[eval:ddim] d= 8 K=16 hall_gt=0.039 | polar3: full=0.906 modeF1=0.923 hallF1=0.529 @ 1200000 anchors
[eval:ddim] d= 8 K=32 hall_gt=0.030 | polar3: full=0.887 modeF1=0.906 hallF1=0.436 @ 4800000 anchors
[eval:ddim] d=16 K= 2 hall_gt=0.204 | polar3: full=0.530 modeF1=0.576 hallF1=0.469 @ 6000 anchors
[eval:ddim] d=16 K= 4 hall_gt=0.118 | polar3: full=0.599 modeF1=0.700 hallF1=0.378 @ 12000 anchors
[eval:ddim] d=16 K= 8 hall_gt=0.081 | polar3: full=0.678 modeF1=0.779 hallF1=0.346 @ 240000 anchors
[eval:ddim] d=16 K=16 hall_gt=0.062 | polar3: full=0.753 modeF1=0.827 hallF1=0.363 @ 240000 anchors
[eval:ddim] d=16 K=32 hall_gt=0.043 | polar3: full=0.794 modeF1=0.851 hallF1=0.337 @ 4800000 anchors
[eval:ddim] d=32 K= 2 hall_gt=0.454 | polar3: full=0.490 modeF1=0.154 hallF1=0.682 @ 150000 anchors
[eval:ddim] d=32 K= 4 hall_gt=0.417 | polar3: full=0.514 modeF1=0.309 hallF1=0.633 @ 120000 anchors
[eval:ddim] d=32 K= 8 hall_gt=0.272 | polar3: full=0.464 modeF1=0.421 hallF1=0.511 @ 24000 anchors
[eval:ddim] d=32 K=16 hall_gt=0.208 | polar3: full=0.498 modeF1=0.526 hallF1=0.465 @ 48000 anchors
[eval:ddim] d=32 K=32 hall_gt=0.154 | polar3: full=0.520 modeF1=0.581 hallF1=0.416 @ 96000 anchors
[eval:ddim] d=64 K= 2 hall_gt=0.881 | polar3: full=0.623 modeF1=0.009 hallF1=0.787 @ 6000 anchors
[eval:ddim] d=64 K= 4 hall_gt=0.858 | polar3: full=0.691 modeF1=0.032 hallF1=0.841 @ 120000 anchors
[eval:ddim] d=64 K= 8 hall_gt=0.829 | polar3: full=0.779 modeF1=0.181 hallF1=0.873 @ 120000 anchors
[eval:ddim] d=64 K=16 hall_gt=0.818 | polar3: full=0.814 modeF1=0.091 hallF1=0.897 @ 2400000 anchors
[eval:ddim] d=64 K=32 hall_gt=0.781 | polar3: full=0.788 modeF1=0.330 hallF1=0.876 @ 240000 anchors
[eval:ddim] wrote /home/pmehrotra3/workspace/test_run/iclr_code/output/2026-09-19_04-50-15/ddim/T100/results.json and /home/pmehrotra3/workspace/test_run/iclr_code/output/2026-09-19_04-50-15/ddim/T100/results.csv

>>> STAGE: visualize
----------------------------------------
[viz] wrote /home/pmehrotra3/workspace/test_run/iclr_code/output/2026-09-19_04-50-15/ddim/T100/table.tex
[viz] wrote /home/pmehrotra3/workspace/test_run/iclr_code/output/2026-09-19_04-50-15/ddim/T100/table.png
[viz] wrote /home/pmehrotra3/workspace/test_run/iclr_code/output/2026-09-19_04-50-15/ddim/T100/knn.png
[viz] wrote /home/pmehrotra3/workspace/test_run/iclr_code/output/2026-09-19_04-50-15/ddim/T100/altered_knn.png
[viz] wrote /home/pmehrotra3/workspace/test_run/iclr_code/output/2026-09-19_04-50-15/ddim/T100/polar3.png
[viz] wrote /home/pmehrotra3/workspace/test_run/iclr_code/output/2026-09-19_04-50-15/ddim/T100/anchors_2000/knn.png
[viz] wrote /home/pmehrotra3/workspace/test_run/iclr_code/output/2026-09-19_04-50-15/ddim/T100/anchors_2000/altered_knn.png
[viz] wrote /home/pmehrotra3/workspace/test_run/iclr_code/output/2026-09-19_04-50-15/ddim/T100/anchors_2000/polar3.png
[viz] wrote /home/pmehrotra3/workspace/test_run/iclr_code/output/2026-09-19_04-50-15/ddim/T100/anchors_5000/knn.png
[viz] wrote /home/pmehrotra3/workspace/test_run/iclr_code/output/2026-09-19_04-50-15/ddim/T100/anchors_5000/altered_knn.png
[viz] wrote /home/pmehrotra3/workspace/test_run/iclr_code/output/2026-09-19_04-50-15/ddim/T100/anchors_5000/polar3.png
[viz] wrote /home/pmehrotra3/workspace/test_run/iclr_code/output/2026-09-19_04-50-15/ddim/T100/anchors_10000/knn.png
[viz] wrote /home/pmehrotra3/workspace/test_run/iclr_code/output/2026-09-19_04-50-15/ddim/T100/anchors_10000/altered_knn.png
[viz] wrote /home/pmehrotra3/workspace/test_run/iclr_code/output/2026-09-19_04-50-15/ddim/T100/anchors_10000/polar3.png
[viz] wrote /home/pmehrotra3/workspace/test_run/iclr_code/output/2026-09-19_04-50-15/ddim/T100/anchors_20000/knn.png
[viz] wrote /home/pmehrotra3/workspace/test_run/iclr_code/output/2026-09-19_04-50-15/ddim/T100/anchors_20000/altered_knn.png
[viz] wrote /home/pmehrotra3/workspace/test_run/iclr_code/output/2026-09-19_04-50-15/ddim/T100/anchors_20000/polar3.png
[viz] wrote /home/pmehrotra3/workspace/test_run/iclr_code/output/2026-09-19_04-50-15/ddim/T100/anchors_50000/knn.png
[viz] wrote /home/pmehrotra3/workspace/test_run/iclr_code/output/2026-09-19_04-50-15/ddim/T100/anchors_50000/altered_knn.png
[viz] wrote /home/pmehrotra3/workspace/test_run/iclr_code/output/2026-09-19_04-50-15/ddim/T100/anchors_50000/polar3.png
[viz] wrote /home/pmehrotra3/workspace/test_run/iclr_code/output/2026-09-19_04-50-15/ddim/T100/anchors_100000/knn.png
[viz] wrote /home/pmehrotra3/workspace/test_run/iclr_code/output/2026-09-19_04-50-15/ddim/T100/anchors_100000/altered_knn.png
[viz] wrote /home/pmehrotra3/workspace/test_run/iclr_code/output/2026-09-19_04-50-15/ddim/T100/anchors_100000/polar3.png

All requested stages complete.
